w25qxx_qspi.c:16:6:w25qxx_Init	8	static
w25qxx_qspi.c:26:10:w25qxx_GetID	40	static
w25qxx_qspi.c:46:9:w25qxx_ReadSR	48	static
w25qxx_qspi.c:61:9:w25qxx_WriteSR	40	static
w25qxx_qspi.c:71:9:w25qxx_ReadAllStatusReg	8	static
w25qxx_qspi.c:81:6:W25QXX_Wait_Busy	8	static
w25qxx_qspi.c:87:9:w25qxx_SetReadParameters	48	static
w25qxx_qspi.c:99:9:w25qxx_EnterQPI	8	static
w25qxx_qspi.c:115:9:w25qxx_Startup	16	static
w25qxx_qspi.c:125:9:W25qxx_WriteEnable	8	static
w25qxx_qspi.c:134:9:W25qxx_EraseSector	48	static
w25qxx_qspi.c:158:9:W25qxx_EraseBlock	48	static
w25qxx_qspi.c:182:9:W25qxx_EraseChip	40	static
w25qxx_qspi.c:208:9:W25qxx_PageProgram	56	static
w25qxx_qspi.c:234:9:W25qxx_Read	88	static
w25qxx_qspi.c:287:6:W25qxx_WriteNoCheck	32	static
w25qxx_qspi.c:322:6:W25qxx_Write	4136	static
w25qxx_qspi.c:381:17:QSPI_EnableMemoryMappedMode	80	static
w25qxx_qspi.c:440:17:QSPI_ResetDevice	72	static
w25qxx_qspi.c:501:16:QSPI_Send_CMD	80	static
w25qxx_qspi.c:536:17:QSPI_EnterFourBytesAddress	72	static
w25qxx_qspi.c:577:17:QSPI_WriteEnable	96	static
w25qxx_qspi.c:631:17:QSPI_AutoPollingMemReady	96	static
w25qxx_qspi.c:675:16:QSPI_EnterQPI	48	static
