w25qxx_qspi.c:16:6:w25qxx_Init	8	static
w25qxx_qspi.c:26:10:w25qxx_GetID	40	static
w25qxx_qspi.c:46:9:w25qxx_ReadSR	48	static
w25qxx_qspi.c:61:9:w25qxx_WriteSR	40	static
w25qxx_qspi.c:71:9:w25qxx_ReadAllStatusReg	8	static
w25qxx_qspi.c:80:6:W25QXX_Wait_Busy	8	static
w25qxx_qspi.c:86:9:w25qxx_SetReadParameters	48	static
w25qxx_qspi.c:98:9:w25qxx_EnterQPI	8	static
w25qxx_qspi.c:114:9:w25qxx_Startup	16	static
w25qxx_qspi.c:124:9:W25qxx_WriteEnable	8	static
w25qxx_qspi.c:133:9:W25qxx_EraseSector	48	static
w25qxx_qspi.c:157:9:W25qxx_EraseBlock	48	static
w25qxx_qspi.c:181:9:W25qxx_EraseChip	40	static
w25qxx_qspi.c:207:9:W25qxx_PageProgram	56	static
w25qxx_qspi.c:229:9:W25qxx_Read	88	static
w25qxx_qspi.c:275:6:W25qxx_WriteNoCheck	32	static
w25qxx_qspi.c:305:6:W25qxx_Write	4136	static
w25qxx_qspi.c:364:17:QSPI_EnableMemoryMappedMode	80	static
w25qxx_qspi.c:423:17:QSPI_ResetDevice	72	static
w25qxx_qspi.c:470:16:QSPI_Send_CMD	80	static
w25qxx_qspi.c:505:17:QSPI_EnterFourBytesAddress	72	static
w25qxx_qspi.c:546:17:QSPI_WriteEnable	96	static
w25qxx_qspi.c:600:17:QSPI_AutoPollingMemReady	96	static
w25qxx_qspi.c:644:16:QSPI_EnterQPI	48	static
