Archive member included to satisfy reference by file (symbol)

c:/stm32/cubeide/stm32cubeide/plugins/com.st.stm32cube.ide.mcu.externaltools.gnu-tools-for-stm32.9-2020-q2-update.win32_2.0.0.202105311346/tools/bin/../lib/gcc/arm-none-eabi/9.3.1/../../../../arm-none-eabi/lib/thumb/v7e-m+dp/hard\libc_nano.a(lib_a-errno.o)
                              ./Core/Src/syscalls.o (__errno)
c:/stm32/cubeide/stm32cubeide/plugins/com.st.stm32cube.ide.mcu.externaltools.gnu-tools-for-stm32.9-2020-q2-update.win32_2.0.0.202105311346/tools/bin/../lib/gcc/arm-none-eabi/9.3.1/../../../../arm-none-eabi/lib/thumb/v7e-m+dp/hard\libc_nano.a(lib_a-exit.o)
                              c:/stm32/cubeide/stm32cubeide/plugins/com.st.stm32cube.ide.mcu.externaltools.gnu-tools-for-stm32.9-2020-q2-update.win32_2.0.0.202105311346/tools/bin/../lib/gcc/arm-none-eabi/9.3.1/../../../../arm-none-eabi/lib/thumb/v7e-m+dp/hard/crt0.o (exit)
c:/stm32/cubeide/stm32cubeide/plugins/com.st.stm32cube.ide.mcu.externaltools.gnu-tools-for-stm32.9-2020-q2-update.win32_2.0.0.202105311346/tools/bin/../lib/gcc/arm-none-eabi/9.3.1/../../../../arm-none-eabi/lib/thumb/v7e-m+dp/hard\libc_nano.a(lib_a-impure.o)
                              c:/stm32/cubeide/stm32cubeide/plugins/com.st.stm32cube.ide.mcu.externaltools.gnu-tools-for-stm32.9-2020-q2-update.win32_2.0.0.202105311346/tools/bin/../lib/gcc/arm-none-eabi/9.3.1/../../../../arm-none-eabi/lib/thumb/v7e-m+dp/hard\libc_nano.a(lib_a-exit.o) (_global_impure_ptr)
c:/stm32/cubeide/stm32cubeide/plugins/com.st.stm32cube.ide.mcu.externaltools.gnu-tools-for-stm32.9-2020-q2-update.win32_2.0.0.202105311346/tools/bin/../lib/gcc/arm-none-eabi/9.3.1/../../../../arm-none-eabi/lib/thumb/v7e-m+dp/hard\libc_nano.a(lib_a-init.o)
                              c:/stm32/cubeide/stm32cubeide/plugins/com.st.stm32cube.ide.mcu.externaltools.gnu-tools-for-stm32.9-2020-q2-update.win32_2.0.0.202105311346/tools/bin/../lib/gcc/arm-none-eabi/9.3.1/../../../../arm-none-eabi/lib/thumb/v7e-m+dp/hard/crt0.o (__libc_init_array)
c:/stm32/cubeide/stm32cubeide/plugins/com.st.stm32cube.ide.mcu.externaltools.gnu-tools-for-stm32.9-2020-q2-update.win32_2.0.0.202105311346/tools/bin/../lib/gcc/arm-none-eabi/9.3.1/../../../../arm-none-eabi/lib/thumb/v7e-m+dp/hard\libc_nano.a(lib_a-memset.o)
                              c:/stm32/cubeide/stm32cubeide/plugins/com.st.stm32cube.ide.mcu.externaltools.gnu-tools-for-stm32.9-2020-q2-update.win32_2.0.0.202105311346/tools/bin/../lib/gcc/arm-none-eabi/9.3.1/../../../../arm-none-eabi/lib/thumb/v7e-m+dp/hard/crt0.o (memset)

Allocating common symbols
Common symbol       size              file

readbuf             0x64              ./Core/Src/main.o
uwTick              0x4               ./Drivers/STM32H7xx_HAL_Driver/Src/stm32h7xx_hal.o
pFlash              0x1c              ./Drivers/STM32H7xx_HAL_Driver/Src/stm32h7xx_hal_flash.o
hqspi               0x4c              ./Core/Src/quadspi.o

Discarded input sections

 .text          0x0000000000000000        0x0 c:/stm32/cubeide/stm32cubeide/plugins/com.st.stm32cube.ide.mcu.externaltools.gnu-tools-for-stm32.9-2020-q2-update.win32_2.0.0.202105311346/tools/bin/../lib/gcc/arm-none-eabi/9.3.1/thumb/v7e-m+dp/hard/crti.o
 .data          0x0000000000000000        0x0 c:/stm32/cubeide/stm32cubeide/plugins/com.st.stm32cube.ide.mcu.externaltools.gnu-tools-for-stm32.9-2020-q2-update.win32_2.0.0.202105311346/tools/bin/../lib/gcc/arm-none-eabi/9.3.1/thumb/v7e-m+dp/hard/crti.o
 .bss           0x0000000000000000        0x0 c:/stm32/cubeide/stm32cubeide/plugins/com.st.stm32cube.ide.mcu.externaltools.gnu-tools-for-stm32.9-2020-q2-update.win32_2.0.0.202105311346/tools/bin/../lib/gcc/arm-none-eabi/9.3.1/thumb/v7e-m+dp/hard/crti.o
 .data          0x0000000000000000        0x4 c:/stm32/cubeide/stm32cubeide/plugins/com.st.stm32cube.ide.mcu.externaltools.gnu-tools-for-stm32.9-2020-q2-update.win32_2.0.0.202105311346/tools/bin/../lib/gcc/arm-none-eabi/9.3.1/thumb/v7e-m+dp/hard/crtbegin.o
 .text          0x0000000000000000       0x7c c:/stm32/cubeide/stm32cubeide/plugins/com.st.stm32cube.ide.mcu.externaltools.gnu-tools-for-stm32.9-2020-q2-update.win32_2.0.0.202105311346/tools/bin/../lib/gcc/arm-none-eabi/9.3.1/../../../../arm-none-eabi/lib/thumb/v7e-m+dp/hard/crt0.o
 .data          0x0000000000000000        0x0 c:/stm32/cubeide/stm32cubeide/plugins/com.st.stm32cube.ide.mcu.externaltools.gnu-tools-for-stm32.9-2020-q2-update.win32_2.0.0.202105311346/tools/bin/../lib/gcc/arm-none-eabi/9.3.1/../../../../arm-none-eabi/lib/thumb/v7e-m+dp/hard/crt0.o
 .bss           0x0000000000000000        0x0 c:/stm32/cubeide/stm32cubeide/plugins/com.st.stm32cube.ide.mcu.externaltools.gnu-tools-for-stm32.9-2020-q2-update.win32_2.0.0.202105311346/tools/bin/../lib/gcc/arm-none-eabi/9.3.1/../../../../arm-none-eabi/lib/thumb/v7e-m+dp/hard/crt0.o
[...]
Memory Configuration

Name             Origin             Length             Attributes
FLASH            0x0000000008000000 0x0000000000200000 xr
DTCMRAM          0x0000000020000000 0x0000000000020000 xrw
RAM_D1           0x0000000024000000 0x0000000000080000 xrw
RAM_D2           0x0000000030000000 0x0000000000048000 xrw
RAM_D3           0x0000000038000000 0x0000000000010000 xrw
ITCMRAM          0x0000000000000000 0x0000000000010000 xrw
*default*        0x0000000000000000 0xffffffffffffffff

Linker script and memory map

LOAD c:/stm32/cubeide/stm32cubeide/plugins/com.st.stm32cube.ide.mcu.externaltools.gnu-tools-for-stm32.9-2020-q2-update.win32_2.0.0.202105311346/tools/bin/../lib/gcc/arm-none-eabi/9.3.1/thumb/v7e-m+dp/hard/crti.o
LOAD c:/stm32/cubeide/stm32cubeide/plugins/com.st.stm32cube.ide.mcu.externaltools.gnu-tools-for-stm32.9-2020-q2-update.win32_2.0.0.202105311346/tools/bin/../lib/gcc/arm-none-eabi/9.3.1/thumb/v7e-m+dp/hard/crtbegin.o
LOAD c:/stm32/cubeide/stm32cubeide/plugins/com.st.stm32cube.ide.mcu.externaltools.gnu-tools-for-stm32.9-2020-q2-update.win32_2.0.0.202105311346/tools/bin/../lib/gcc/arm-none-eabi/9.3.1/../../../../arm-none-eabi/lib/thumb/v7e-m+dp/hard/crt0.o
LOAD ./Core/Src/gpio.o
LOAD ./Core/Src/main.o
LOAD ./Core/Src/quadspi.o
LOAD ./Core/Src/stm32h7xx_hal_msp.o
LOAD ./Core/Src/stm32h7xx_it.o
LOAD ./Core/Src/syscalls.o
LOAD ./Core/Src/sysmem.o
LOAD ./Core/Src/system_stm32h7xx.o
LOAD ./Core/Startup/startup_stm32h743vitx.o
LOAD ./Drivers/STM32H7xx_HAL_Driver/Src/stm32h7xx_hal.o
LOAD ./Drivers/STM32H7xx_HAL_Driver/Src/stm32h7xx_hal_cortex.o
LOAD ./Drivers/STM32H7xx_HAL_Driver/Src/stm32h7xx_hal_dma.o
LOAD ./Drivers/STM32H7xx_HAL_Driver/Src/stm32h7xx_hal_dma_ex.o
LOAD ./Drivers/STM32H7xx_HAL_Driver/Src/stm32h7xx_hal_exti.o
LOAD ./Drivers/STM32H7xx_HAL_Driver/Src/stm32h7xx_hal_flash.o
LOAD ./Drivers/STM32H7xx_HAL_Driver/Src/stm32h7xx_hal_flash_ex.o
LOAD ./Drivers/STM32H7xx_HAL_Driver/Src/stm32h7xx_hal_gpio.o
LOAD ./Drivers/STM32H7xx_HAL_Driver/Src/stm32h7xx_hal_hsem.o
LOAD ./Drivers/STM32H7xx_HAL_Driver/Src/stm32h7xx_hal_i2c.o
LOAD ./Drivers/STM32H7xx_HAL_Driver/Src/stm32h7xx_hal_i2c_ex.o
LOAD ./Drivers/STM32H7xx_HAL_Driver/Src/stm32h7xx_hal_mdma.o
LOAD ./Drivers/STM32H7xx_HAL_Driver/Src/stm32h7xx_hal_pwr.o
LOAD ./Drivers/STM32H7xx_HAL_Driver/Src/stm32h7xx_hal_pwr_ex.o
LOAD ./Drivers/STM32H7xx_HAL_Driver/Src/stm32h7xx_hal_qspi.o
LOAD ./Drivers/STM32H7xx_HAL_Driver/Src/stm32h7xx_hal_rcc.o
LOAD ./Drivers/STM32H7xx_HAL_Driver/Src/stm32h7xx_hal_rcc_ex.o
LOAD ./Drivers/STM32H7xx_HAL_Driver/Src/stm32h7xx_hal_tim.o
LOAD ./Drivers/STM32H7xx_HAL_Driver/Src/stm32h7xx_hal_tim_ex.o
START GROUP
LOAD c:/stm32/cubeide/stm32cubeide/plugins/com.st.stm32cube.ide.mcu.externaltools.gnu-tools-for-stm32.9-2020-q2-update.win32_2.0.0.202105311346/tools/bin/../lib/gcc/arm-none-eabi/9.3.1/../../../../arm-none-eabi/lib/thumb/v7e-m+dp/hard\libc_nano.a
LOAD c:/stm32/cubeide/stm32cubeide/plugins/com.st.stm32cube.ide.mcu.externaltools.gnu-tools-for-stm32.9-2020-q2-update.win32_2.0.0.202105311346/tools/bin/../lib/gcc/arm-none-eabi/9.3.1/../../../../arm-none-eabi/lib/thumb/v7e-m+dp/hard\libm.a
END GROUP
START GROUP
LOAD c:/stm32/cubeide/stm32cubeide/plugins/com.st.stm32cube.ide.mcu.externaltools.gnu-tools-for-stm32.9-2020-q2-update.win32_2.0.0.202105311346/tools/bin/../lib/gcc/arm-none-eabi/9.3.1/thumb/v7e-m+dp/hard\libgcc.a
LOAD c:/stm32/cubeide/stm32cubeide/plugins/com.st.stm32cube.ide.mcu.externaltools.gnu-tools-for-stm32.9-2020-q2-update.win32_2.0.0.202105311346/tools/bin/../lib/gcc/arm-none-eabi/9.3.1/../../../../arm-none-eabi/lib/thumb/v7e-m+dp/hard\libc_nano.a
END GROUP
START GROUP
LOAD c:/stm32/cubeide/stm32cubeide/plugins/com.st.stm32cube.ide.mcu.externaltools.gnu-tools-for-stm32.9-2020-q2-update.win32_2.0.0.202105311346/tools/bin/../lib/gcc/arm-none-eabi/9.3.1/thumb/v7e-m+dp/hard\libgcc.a
LOAD c:/stm32/cubeide/stm32cubeide/plugins/com.st.stm32cube.ide.mcu.externaltools.gnu-tools-for-stm32.9-2020-q2-update.win32_2.0.0.202105311346/tools/bin/../lib/gcc/arm-none-eabi/9.3.1/../../../../arm-none-eabi/lib/thumb/v7e-m+dp/hard\libc_nano.a
LOAD c:/stm32/cubeide/stm32cubeide/plugins/com.st.stm32cube.ide.mcu.externaltools.gnu-tools-for-stm32.9-2020-q2-update.win32_2.0.0.202105311346/tools/bin/../lib/gcc/arm-none-eabi/9.3.1/../../../../arm-none-eabi/lib/thumb/v7e-m+dp/hard\libnosys.a
END GROUP
START GROUP
LOAD c:/stm32/cubeide/stm32cubeide/plugins/com.st.stm32cube.ide.mcu.externaltools.gnu-tools-for-stm32.9-2020-q2-update.win32_2.0.0.202105311346/tools/bin/../lib/gcc/arm-none-eabi/9.3.1/thumb/v7e-m+dp/hard\libgcc.a
LOAD c:/stm32/cubeide/stm32cubeide/plugins/com.st.stm32cube.ide.mcu.externaltools.gnu-tools-for-stm32.9-2020-q2-update.win32_2.0.0.202105311346/tools/bin/../lib/gcc/arm-none-eabi/9.3.1/../../../../arm-none-eabi/lib/thumb/v7e-m+dp/hard\libc_nano.a
LOAD c:/stm32/cubeide/stm32cubeide/plugins/com.st.stm32cube.ide.mcu.externaltools.gnu-tools-for-stm32.9-2020-q2-update.win32_2.0.0.202105311346/tools/bin/../lib/gcc/arm-none-eabi/9.3.1/../../../../arm-none-eabi/lib/thumb/v7e-m+dp/hard\libnosys.a
END GROUP
LOAD c:/stm32/cubeide/stm32cubeide/plugins/com.st.stm32cube.ide.mcu.externaltools.gnu-tools-for-stm32.9-2020-q2-update.win32_2.0.0.202105311346/tools/bin/../lib/gcc/arm-none-eabi/9.3.1/thumb/v7e-m+dp/hard/crtend.o
LOAD c:/stm32/cubeide/stm32cubeide/plugins/com.st.stm32cube.ide.mcu.externaltools.gnu-tools-for-stm32.9-2020-q2-update.win32_2.0.0.202105311346/tools/bin/../lib/gcc/arm-none-eabi/9.3.1/thumb/v7e-m+dp/hard/crtn.o
                0x0000000024080000                _estack = (ORIGIN (RAM_D1) + LENGTH (RAM_D1))
                0x0000000000000200                _Min_Heap_Size = 0x200
                0x0000000000000400                _Min_Stack_Size = 0x400

.isr_vector     0x0000000008000000      0x298
                0x0000000008000000                . = ALIGN (0x4)
 *(.isr_vector)
 .isr_vector    0x0000000008000000      0x298 ./Core/Startup/startup_stm32h743vitx.o
                0x0000000008000000                g_pfnVectors
                0x0000000008000298                . = ALIGN (0x4)

.text           0x0000000008000298     0x403c
                0x0000000008000298                . = ALIGN (0x4)
 *(.text)
 .text          0x0000000008000298       0x40 c:/stm32/cubeide/stm32cubeide/plugins/com.st.stm32cube.ide.mcu.externaltools.gnu-tools-for-stm32.9-2020-q2-update.win32_2.0.0.202105311346/tools/bin/../lib/gcc/arm-none-eabi/9.3.1/thumb/v7e-m+dp/hard/crtbegin.o
 *(.text*)
 .text.MX_GPIO_Init
                0x00000000080002d8       0xac ./Core/Src/gpio.o
                0x00000000080002d8                MX_GPIO_Init
 .text.main     0x0000000008000384      0x134 ./Core/Src/main.o
                0x0000000008000384                main
 .text.SystemClock_Config
                0x00000000080004b8       0xfc ./Core/Src/main.o
                0x00000000080004b8                SystemClock_Config
 .text.Error_Handler
                0x00000000080005b4        0xa ./Core/Src/main.o
                0x00000000080005b4                Error_Handler
 *fill*         0x00000000080005be        0x2 
 .text.MX_QUADSPI_Init
                0x00000000080005c0       0x58 ./Core/Src/quadspi.o
                0x00000000080005c0                MX_QUADSPI_Init
 .text.HAL_QSPI_MspInit
                0x0000000008000618      0x1b4 ./Core/Src/quadspi.o
                0x0000000008000618                HAL_QSPI_MspInit
 .text.HAL_QSPI_MspDeInit
                0x00000000080007cc       0x68 ./Core/Src/quadspi.o
                0x00000000080007cc                HAL_QSPI_MspDeInit
 .text.CSP_QUADSPI_Init
                0x0000000008000834       0x6c ./Core/Src/quadspi.o
                0x0000000008000834                CSP_QUADSPI_Init
 .text.CSP_QSPI_Erase_Chip
                0x00000000080008a0       0x70 ./Core/Src/quadspi.o
                0x00000000080008a0                CSP_QSPI_Erase_Chip
 .text.QSPI_AutoPollingMemReady
                0x0000000008000910       0x98 ./Core/Src/quadspi.o
                0x0000000008000910                QSPI_AutoPollingMemReady
 .text.QSPI_WriteEnable
                0x00000000080009a8       0xc4 ./Core/Src/quadspi.o
 .text.QSPI_Configuration
                0x0000000008000a6c      0x1ac ./Core/Src/quadspi.o
 .text.CSP_QSPI_WriteMemory
                0x0000000008000c18      0x118 ./Core/Src/quadspi.o
                0x0000000008000c18                CSP_QSPI_WriteMemory
 .text.QSPI_ResetChip
                0x0000000008000d30       0xd0 ./Core/Src/quadspi.o
 .text.CSP_QSPI_Read
                0x0000000008000e00       0xac ./Core/Src/quadspi.o
                0x0000000008000e00                CSP_QSPI_Read
 .text.HAL_MspInit
                0x0000000008000eac       0x34 ./Core/Src/stm32h7xx_hal_msp.o
                0x0000000008000eac                HAL_MspInit
 .text.NMI_Handler
                0x0000000008000ee0        0x6 ./Core/Src/stm32h7xx_it.o
                0x0000000008000ee0                NMI_Handler
 .text.HardFault_Handler
                0x0000000008000ee6        0x6 ./Core/Src/stm32h7xx_it.o
                0x0000000008000ee6                HardFault_Handler
 .text.MemManage_Handler
                0x0000000008000eec        0x6 ./Core/Src/stm32h7xx_it.o
                0x0000000008000eec                MemManage_Handler
 .text.BusFault_Handler
                0x0000000008000ef2        0x6 ./Core/Src/stm32h7xx_it.o
                0x0000000008000ef2                BusFault_Handler
 .text.UsageFault_Handler
                0x0000000008000ef8        0x6 ./Core/Src/stm32h7xx_it.o
                0x0000000008000ef8                UsageFault_Handler
 .text.SVC_Handler
                0x0000000008000efe        0xe ./Core/Src/stm32h7xx_it.o
                0x0000000008000efe                SVC_Handler
 .text.DebugMon_Handler
                0x0000000008000f0c        0xe ./Core/Src/stm32h7xx_it.o
                0x0000000008000f0c                DebugMon_Handler
 .text.PendSV_Handler
                0x0000000008000f1a        0xe ./Core/Src/stm32h7xx_it.o
                0x0000000008000f1a                PendSV_Handler
 .text.SysTick_Handler
                0x0000000008000f28        0xc ./Core/Src/stm32h7xx_it.o
                0x0000000008000f28                SysTick_Handler
 .text.SystemInit
                0x0000000008000f34      0x118 ./Core/Src/system_stm32h7xx.o
                0x0000000008000f34                SystemInit
 .text.Reset_Handler
                0x000000000800104c       0x50 ./Core/Startup/startup_stm32h743vitx.o
                0x000000000800104c                Reset_Handler
 .text.Default_Handler
                0x000000000800109c        0x2 ./Core/Startup/startup_stm32h743vitx.o
                0x000000000800109c                RTC_Alarm_IRQHandler
                0x000000000800109c                EXTI2_IRQHandler
                0x000000000800109c                TIM8_CC_IRQHandler
                0x000000000800109c                HRTIM1_Master_IRQHandler
                0x000000000800109c                UART8_IRQHandler
                0x000000000800109c                SPI4_IRQHandler
                0x000000000800109c                TIM1_CC_IRQHandler
                0x000000000800109c                BDMA_Channel6_IRQHandler
                0x000000000800109c                DMA2_Stream5_IRQHandler
                0x000000000800109c                HRTIM1_FLT_IRQHandler
                0x000000000800109c                JPEG_IRQHandler
                0x000000000800109c                DMA1_Stream5_IRQHandler
                0x000000000800109c                BDMA_Channel1_IRQHandler
                0x000000000800109c                HRTIM1_TIMD_IRQHandler
                0x000000000800109c                TAMP_STAMP_IRQHandler
                0x000000000800109c                EXTI3_IRQHandler
                0x000000000800109c                LPTIM4_IRQHandler
                0x000000000800109c                TIM8_TRG_COM_TIM14_IRQHandler
                0x000000000800109c                LPTIM2_IRQHandler
                0x000000000800109c                DFSDM1_FLT1_IRQHandler
                0x000000000800109c                DMAMUX2_OVR_IRQHandler
                0x000000000800109c                TIM8_UP_TIM13_IRQHandler
                0x000000000800109c                I2C3_ER_IRQHandler
                0x000000000800109c                DFSDM1_FLT2_IRQHandler
                0x000000000800109c                MDMA_IRQHandler
                0x000000000800109c                LPTIM3_IRQHandler
                0x000000000800109c                HSEM1_IRQHandler
                0x000000000800109c                EXTI0_IRQHandler
                0x000000000800109c                I2C2_EV_IRQHandler
                0x000000000800109c                DMA1_Stream2_IRQHandler
                0x000000000800109c                FPU_IRQHandler
                0x000000000800109c                OTG_HS_WKUP_IRQHandler
                0x000000000800109c                FDCAN1_IT1_IRQHandler
                0x000000000800109c                LTDC_ER_IRQHandler
                0x000000000800109c                DMA2_Stream2_IRQHandler
                0x000000000800109c                HRTIM1_TIME_IRQHandler
                0x000000000800109c                SPI1_IRQHandler
                0x000000000800109c                TIM6_DAC_IRQHandler
                0x000000000800109c                DCMI_IRQHandler
                0x000000000800109c                HRTIM1_TIMC_IRQHandler
                0x000000000800109c                DMA2_Stream3_IRQHandler
                0x000000000800109c                SAI2_IRQHandler
                0x000000000800109c                DFSDM1_FLT3_IRQHandler
                0x000000000800109c                USART6_IRQHandler
                0x000000000800109c                TIM17_IRQHandler
                0x000000000800109c                USART3_IRQHandler
                0x000000000800109c                BDMA_Channel7_IRQHandler
                0x000000000800109c                LPTIM5_IRQHandler
                0x000000000800109c                UART5_IRQHandler
                0x000000000800109c                ADC3_IRQHandler
                0x000000000800109c                DMA2_Stream0_IRQHandler
                0x000000000800109c                TIM4_IRQHandler
                0x000000000800109c                BDMA_Channel2_IRQHandler
                0x000000000800109c                QUADSPI_IRQHandler
                0x000000000800109c                I2C1_EV_IRQHandler
                0x000000000800109c                DMA1_Stream6_IRQHandler
                0x000000000800109c                DMAMUX1_OVR_IRQHandler
                0x000000000800109c                DMA1_Stream1_IRQHandler
                0x000000000800109c                TIM16_IRQHandler
                0x000000000800109c                UART4_IRQHandler
                0x000000000800109c                BDMA_Channel5_IRQHandler
                0x000000000800109c                TIM3_IRQHandler
                0x000000000800109c                RCC_IRQHandler
                0x000000000800109c                TIM8_BRK_TIM12_IRQHandler
                0x000000000800109c                TIM1_TRG_COM_IRQHandler
                0x000000000800109c                Default_Handler
                0x000000000800109c                ECC_IRQHandler
                0x000000000800109c                CEC_IRQHandler
                0x000000000800109c                EXTI15_10_IRQHandler
                0x000000000800109c                BDMA_Channel0_IRQHandler
                0x000000000800109c                ADC_IRQHandler
                0x000000000800109c                DMA1_Stream7_IRQHandler
                0x000000000800109c                HRTIM1_TIMA_IRQHandler
                0x000000000800109c                SPI5_IRQHandler
                0x000000000800109c                TIM7_IRQHandler
                0x000000000800109c                SDMMC1_IRQHandler
                0x000000000800109c                TIM5_IRQHandler
                0x000000000800109c                DMA2_Stream7_IRQHandler
                0x000000000800109c                TIM15_IRQHandler
                0x000000000800109c                PVD_AVD_IRQHandler
                0x000000000800109c                I2C3_EV_IRQHandler
                0x000000000800109c                EXTI9_5_IRQHandler
                0x000000000800109c                RTC_WKUP_IRQHandler
                0x000000000800109c                LTDC_IRQHandler
                0x000000000800109c                SAI3_IRQHandler
                0x000000000800109c                ETH_WKUP_IRQHandler
                0x000000000800109c                SPDIF_RX_IRQHandler
                0x000000000800109c                SPI2_IRQHandler
                0x000000000800109c                OTG_HS_EP1_IN_IRQHandler
                0x000000000800109c                DMA1_Stream0_IRQHandler
                0x000000000800109c                CRS_IRQHandler
                0x000000000800109c                EXTI4_IRQHandler
                0x000000000800109c                RNG_IRQHandler
                0x000000000800109c                HRTIM1_TIMB_IRQHandler
                0x000000000800109c                FDCAN2_IT1_IRQHandler
                0x000000000800109c                ETH_IRQHandler
                0x000000000800109c                TIM1_UP_IRQHandler
                0x000000000800109c                BDMA_Channel4_IRQHandler
                0x000000000800109c                OTG_HS_EP1_OUT_IRQHandler
                0x000000000800109c                WWDG_IRQHandler
                0x000000000800109c                SPI6_IRQHandler
                0x000000000800109c                MDIOS_IRQHandler
                0x000000000800109c                I2C4_EV_IRQHandler
                0x000000000800109c                FDCAN2_IT0_IRQHandler
                0x000000000800109c                LPUART1_IRQHandler
                0x000000000800109c                FDCAN1_IT0_IRQHandler
                0x000000000800109c                TIM2_IRQHandler
                0x000000000800109c                OTG_FS_WKUP_IRQHandler
                0x000000000800109c                OTG_HS_IRQHandler
                0x000000000800109c                DMA2D_IRQHandler
                0x000000000800109c                TIM1_BRK_IRQHandler
                0x000000000800109c                EXTI1_IRQHandler
                0x000000000800109c                SDMMC2_IRQHandler
                0x000000000800109c                OTG_FS_EP1_OUT_IRQHandler
                0x000000000800109c                BDMA_Channel3_IRQHandler
                0x000000000800109c                UART7_IRQHandler
                0x000000000800109c                MDIOS_WKUP_IRQHandler
                0x000000000800109c                USART2_IRQHandler
                0x000000000800109c                DFSDM1_FLT0_IRQHandler
                0x000000000800109c                SAI4_IRQHandler
                0x000000000800109c                I2C2_ER_IRQHandler
                0x000000000800109c                DMA2_Stream1_IRQHandler
                0x000000000800109c                FLASH_IRQHandler
                0x000000000800109c                DMA2_Stream4_IRQHandler
                0x000000000800109c                USART1_IRQHandler
                0x000000000800109c                OTG_FS_IRQHandler
                0x000000000800109c                SPI3_IRQHandler
                0x000000000800109c                WAKEUP_PIN_IRQHandler
                0x000000000800109c                DMA1_Stream4_IRQHandler
                0x000000000800109c                OTG_FS_EP1_IN_IRQHandler
                0x000000000800109c                I2C1_ER_IRQHandler
                0x000000000800109c                FMC_IRQHandler
                0x000000000800109c                FDCAN_CAL_IRQHandler
                0x000000000800109c                SWPMI1_IRQHandler
                0x000000000800109c                COMP1_IRQHandler
                0x000000000800109c                LPTIM1_IRQHandler
                0x000000000800109c                I2C4_ER_IRQHandler
                0x000000000800109c                DMA2_Stream6_IRQHandler
                0x000000000800109c                SAI1_IRQHandler
                0x000000000800109c                DMA1_Stream3_IRQHandler
 *fill*         0x000000000800109e        0x2 
 .text.HAL_Init
                0x00000000080010a0       0x78 ./Drivers/STM32H7xx_HAL_Driver/Src/stm32h7xx_hal.o
                0x00000000080010a0                HAL_Init
 .text.HAL_InitTick
                0x0000000008001118       0x6c ./Drivers/STM32H7xx_HAL_Driver/Src/stm32h7xx_hal.o
                0x0000000008001118                HAL_InitTick
 .text.HAL_IncTick
                0x0000000008001184       0x28 ./Drivers/STM32H7xx_HAL_Driver/Src/stm32h7xx_hal.o
                0x0000000008001184                HAL_IncTick
 .text.HAL_GetTick
                0x00000000080011ac       0x18 ./Drivers/STM32H7xx_HAL_Driver/Src/stm32h7xx_hal.o
                0x00000000080011ac                HAL_GetTick
 .text.HAL_Delay
                0x00000000080011c4       0x48 ./Drivers/STM32H7xx_HAL_Driver/Src/stm32h7xx_hal.o
                0x00000000080011c4                HAL_Delay
 .text.HAL_GetREVID
                0x000000000800120c       0x18 ./Drivers/STM32H7xx_HAL_Driver/Src/stm32h7xx_hal.o
                0x000000000800120c                HAL_GetREVID
 .text.__NVIC_SetPriorityGrouping
                0x0000000008001224       0x48 ./Drivers/STM32H7xx_HAL_Driver/Src/stm32h7xx_hal_cortex.o
 .text.__NVIC_GetPriorityGrouping
                0x000000000800126c       0x1c ./Drivers/STM32H7xx_HAL_Driver/Src/stm32h7xx_hal_cortex.o
 .text.__NVIC_SetPriority
                0x0000000008001288       0x54 ./Drivers/STM32H7xx_HAL_Driver/Src/stm32h7xx_hal_cortex.o
 .text.NVIC_EncodePriority
                0x00000000080012dc       0x66 ./Drivers/STM32H7xx_HAL_Driver/Src/stm32h7xx_hal_cortex.o
 *fill*         0x0000000008001342        0x2 
 .text.SysTick_Config
                0x0000000008001344       0x44 ./Drivers/STM32H7xx_HAL_Driver/Src/stm32h7xx_hal_cortex.o
 .text.HAL_NVIC_SetPriorityGrouping
                0x0000000008001388       0x16 ./Drivers/STM32H7xx_HAL_Driver/Src/stm32h7xx_hal_cortex.o
                0x0000000008001388                HAL_NVIC_SetPriorityGrouping
 .text.HAL_NVIC_SetPriority
                0x000000000800139e       0x34 ./Drivers/STM32H7xx_HAL_Driver/Src/stm32h7xx_hal_cortex.o
                0x000000000800139e                HAL_NVIC_SetPriority
 .text.HAL_SYSTICK_Config
                0x00000000080013d2       0x18 ./Drivers/STM32H7xx_HAL_Driver/Src/stm32h7xx_hal_cortex.o
                0x00000000080013d2                HAL_SYSTICK_Config
 *fill*         0x00000000080013ea        0x2 
 .text.HAL_GPIO_Init
                0x00000000080013ec      0x360 ./Drivers/STM32H7xx_HAL_Driver/Src/stm32h7xx_hal_gpio.o
                0x00000000080013ec                HAL_GPIO_Init
 .text.HAL_GPIO_DeInit
                0x000000000800174c      0x214 ./Drivers/STM32H7xx_HAL_Driver/Src/stm32h7xx_hal_gpio.o
                0x000000000800174c                HAL_GPIO_DeInit
 .text.HAL_PWREx_ConfigSupply
                0x0000000008001960       0x74 ./Drivers/STM32H7xx_HAL_Driver/Src/stm32h7xx_hal_pwr_ex.o
                0x0000000008001960                HAL_PWREx_ConfigSupply
 .text.HAL_QSPI_Init
                0x00000000080019d4       0xe8 ./Drivers/STM32H7xx_HAL_Driver/Src/stm32h7xx_hal_qspi.o
                0x00000000080019d4                HAL_QSPI_Init
 .text.HAL_QSPI_DeInit
                0x0000000008001abc       0x40 ./Drivers/STM32H7xx_HAL_Driver/Src/stm32h7xx_hal_qspi.o
                0x0000000008001abc                HAL_QSPI_DeInit
 .text.HAL_QSPI_Command
                0x0000000008001afc       0xbc ./Drivers/STM32H7xx_HAL_Driver/Src/stm32h7xx_hal_qspi.o
                0x0000000008001afc                HAL_QSPI_Command
 .text.HAL_QSPI_Transmit
                0x0000000008001bb8      0x124 ./Drivers/STM32H7xx_HAL_Driver/Src/stm32h7xx_hal_qspi.o
                0x0000000008001bb8                HAL_QSPI_Transmit
 .text.HAL_QSPI_Receive
                0x0000000008001cdc      0x13a ./Drivers/STM32H7xx_HAL_Driver/Src/stm32h7xx_hal_qspi.o
                0x0000000008001cdc                HAL_QSPI_Receive
 .text.HAL_QSPI_AutoPolling
                0x0000000008001e16       0xee ./Drivers/STM32H7xx_HAL_Driver/Src/stm32h7xx_hal_qspi.o
                0x0000000008001e16                HAL_QSPI_AutoPolling
 .text.HAL_QSPI_SetTimeout
                0x0000000008001f04       0x1c ./Drivers/STM32H7xx_HAL_Driver/Src/stm32h7xx_hal_qspi.o
                0x0000000008001f04                HAL_QSPI_SetTimeout
 .text.QSPI_WaitFlagStateUntilTimeout
                0x0000000008001f20       0x6e ./Drivers/STM32H7xx_HAL_Driver/Src/stm32h7xx_hal_qspi.o
 .text.QSPI_Config
                0x0000000008001f8e      0x30c ./Drivers/STM32H7xx_HAL_Driver/Src/stm32h7xx_hal_qspi.o
 *fill*         0x000000000800229a        0x2 
 .text.HAL_RCC_OscConfig
                0x000000000800229c      0x820 ./Drivers/STM32H7xx_HAL_Driver/Src/stm32h7xx_hal_rcc.o
                0x000000000800229c                HAL_RCC_OscConfig
 .text.HAL_RCC_ClockConfig
                0x0000000008002abc      0x36c ./Drivers/STM32H7xx_HAL_Driver/Src/stm32h7xx_hal_rcc.o
                0x0000000008002abc                HAL_RCC_ClockConfig
 .text.HAL_RCC_GetSysClockFreq
                0x0000000008002e28      0x2f4 ./Drivers/STM32H7xx_HAL_Driver/Src/stm32h7xx_hal_rcc.o
                0x0000000008002e28                HAL_RCC_GetSysClockFreq
 .text.HAL_RCCEx_PeriphCLKConfig
                0x000000000800311c      0xe80 ./Drivers/STM32H7xx_HAL_Driver/Src/stm32h7xx_hal_rcc_ex.o
                0x000000000800311c                HAL_RCCEx_PeriphCLKConfig
 .text.RCCEx_PLL2_Config
                0x0000000008003f9c      0x164 ./Drivers/STM32H7xx_HAL_Driver/Src/stm32h7xx_hal_rcc_ex.o
 .text.RCCEx_PLL3_Config
                0x0000000008004100      0x164 ./Drivers/STM32H7xx_HAL_Driver/Src/stm32h7xx_hal_rcc_ex.o
 .text.__libc_init_array
                0x0000000008004264       0x48 c:/stm32/cubeide/stm32cubeide/plugins/com.st.stm32cube.ide.mcu.externaltools.gnu-tools-for-stm32.9-2020-q2-update.win32_2.0.0.202105311346/tools/bin/../lib/gcc/arm-none-eabi/9.3.1/../../../../arm-none-eabi/lib/thumb/v7e-m+dp/hard\libc_nano.a(lib_a-init.o)
                0x0000000008004264                __libc_init_array
 .text.memset   0x00000000080042ac       0x10 c:/stm32/cubeide/stm32cubeide/plugins/com.st.stm32cube.ide.mcu.externaltools.gnu-tools-for-stm32.9-2020-q2-update.win32_2.0.0.202105311346/tools/bin/../lib/gcc/arm-none-eabi/9.3.1/../../../../arm-none-eabi/lib/thumb/v7e-m+dp/hard\libc_nano.a(lib_a-memset.o)
                0x00000000080042ac                memset
 *(.glue_7)
 .glue_7        0x00000000080042bc        0x0 linker stubs
 *(.glue_7t)
 .glue_7t       0x00000000080042bc        0x0 linker stubs
 *(.eh_frame)
 .eh_frame      0x00000000080042bc        0x0 c:/stm32/cubeide/stm32cubeide/plugins/com.st.stm32cube.ide.mcu.externaltools.gnu-tools-for-stm32.9-2020-q2-update.win32_2.0.0.202105311346/tools/bin/../lib/gcc/arm-none-eabi/9.3.1/thumb/v7e-m+dp/hard/crtbegin.o
 *(.init)
 .init          0x00000000080042bc        0x4 c:/stm32/cubeide/stm32cubeide/plugins/com.st.stm32cube.ide.mcu.externaltools.gnu-tools-for-stm32.9-2020-q2-update.win32_2.0.0.202105311346/tools/bin/../lib/gcc/arm-none-eabi/9.3.1/thumb/v7e-m+dp/hard/crti.o
                0x00000000080042bc                _init
 .init          0x00000000080042c0        0x8 c:/stm32/cubeide/stm32cubeide/plugins/com.st.stm32cube.ide.mcu.externaltools.gnu-tools-for-stm32.9-2020-q2-update.win32_2.0.0.202105311346/tools/bin/../lib/gcc/arm-none-eabi/9.3.1/thumb/v7e-m+dp/hard/crtn.o
 *(.fini)
 .fini          0x00000000080042c8        0x4 c:/stm32/cubeide/stm32cubeide/plugins/com.st.stm32cube.ide.mcu.externaltools.gnu-tools-for-stm32.9-2020-q2-update.win32_2.0.0.202105311346/tools/bin/../lib/gcc/arm-none-eabi/9.3.1/thumb/v7e-m+dp/hard/crti.o
                0x00000000080042c8                _fini
 .fini          0x00000000080042cc        0x8 c:/stm32/cubeide/stm32cubeide/plugins/com.st.stm32cube.ide.mcu.externaltools.gnu-tools-for-stm32.9-2020-q2-update.win32_2.0.0.202105311346/tools/bin/../lib/gcc/arm-none-eabi/9.3.1/thumb/v7e-m+dp/hard/crtn.o
                0x00000000080042d4                . = ALIGN (0x4)
                0x00000000080042d4                _etext = .

.vfp11_veneer   0x00000000080042d4        0x0
 .vfp11_veneer  0x00000000080042d4        0x0 linker stubs

.v4_bx          0x00000000080042d4        0x0
 .v4_bx         0x00000000080042d4        0x0 linker stubs

.iplt           0x00000000080042d4        0x0
 .iplt          0x00000000080042d4        0x0 c:/stm32/cubeide/stm32cubeide/plugins/com.st.stm32cube.ide.mcu.externaltools.gnu-tools-for-stm32.9-2020-q2-update.win32_2.0.0.202105311346/tools/bin/../lib/gcc/arm-none-eabi/9.3.1/thumb/v7e-m+dp/hard/crtbegin.o

.rodata         0x00000000080042d4       0x10
                0x00000000080042d4                . = ALIGN (0x4)
 *(.rodata)
 *(.rodata*)
 .rodata.D1CorePrescTable
                0x00000000080042d4       0x10 ./Core/Src/system_stm32h7xx.o
                0x00000000080042d4                D1CorePrescTable
                0x00000000080042e4                . = ALIGN (0x4)

.rel.dyn        0x00000000080042e4        0x0
 .rel.iplt      0x00000000080042e4        0x0 c:/stm32/cubeide/stm32cubeide/plugins/com.st.stm32cube.ide.mcu.externaltools.gnu-tools-for-stm32.9-2020-q2-update.win32_2.0.0.202105311346/tools/bin/../lib/gcc/arm-none-eabi/9.3.1/thumb/v7e-m+dp/hard/crtbegin.o

.ARM.extab
 *(.ARM.extab* .gnu.linkonce.armextab.*)

.ARM            0x00000000080042e4        0x0
                0x00000000080042e4                __exidx_start = .
 *(.ARM.exidx*)
                0x00000000080042e4                __exidx_end = .

.preinit_array  0x00000000080042e4        0x0
                0x00000000080042e4                PROVIDE (__preinit_array_start = .)
 *(.preinit_array*)
                0x00000000080042e4                PROVIDE (__preinit_array_end = .)

.init_array     0x00000000080042e4        0x4
                0x00000000080042e4                PROVIDE (__init_array_start = .)
 *(SORT_BY_NAME(.init_array.*))
 *(.init_array*)
 .init_array    0x00000000080042e4        0x4 c:/stm32/cubeide/stm32cubeide/plugins/com.st.stm32cube.ide.mcu.externaltools.gnu-tools-for-stm32.9-2020-q2-update.win32_2.0.0.202105311346/tools/bin/../lib/gcc/arm-none-eabi/9.3.1/thumb/v7e-m+dp/hard/crtbegin.o
                0x00000000080042e8                PROVIDE (__init_array_end = .)

.fini_array     0x00000000080042e8        0x4
                [!provide]                        PROVIDE (__fini_array_start = .)
 *(SORT_BY_NAME(.fini_array.*))
 *(.fini_array*)
 .fini_array    0x00000000080042e8        0x4 c:/stm32/cubeide/stm32cubeide/plugins/com.st.stm32cube.ide.mcu.externaltools.gnu-tools-for-stm32.9-2020-q2-update.win32_2.0.0.202105311346/tools/bin/../lib/gcc/arm-none-eabi/9.3.1/thumb/v7e-m+dp/hard/crtbegin.o
                [!provide]                        PROVIDE (__fini_array_end = .)
                0x00000000080042ec                _sidata = LOADADDR (.data)

.data           0x0000000024000000       0x28 load address 0x00000000080042ec
                0x0000000024000000                . = ALIGN (0x4)
                0x0000000024000000                _sdata = .
 *(.data)
 *(.data*)
 .data.writebuf
                0x0000000024000000       0x18 ./Core/Src/main.o
                0x0000000024000000                writebuf
 .data.SystemCoreClock
                0x0000000024000018        0x4 ./Core/Src/system_stm32h7xx.o
                0x0000000024000018                SystemCoreClock
 .data.SystemD2Clock
                0x000000002400001c        0x4 ./Core/Src/system_stm32h7xx.o
                0x000000002400001c                SystemD2Clock
 .data.uwTickPrio
                0x0000000024000020        0x4 ./Drivers/STM32H7xx_HAL_Driver/Src/stm32h7xx_hal.o
                0x0000000024000020                uwTickPrio
 .data.uwTickFreq
                0x0000000024000024        0x1 ./Drivers/STM32H7xx_HAL_Driver/Src/stm32h7xx_hal.o
                0x0000000024000024                uwTickFreq
 *(.RamFunc)
 *(.RamFunc*)
                0x0000000024000028                . = ALIGN (0x4)
 *fill*         0x0000000024000025        0x3 
                0x0000000024000028                _edata = .

.igot.plt       0x0000000024000028        0x0 load address 0x0000000008004314
 .igot.plt      0x0000000024000028        0x0 c:/stm32/cubeide/stm32cubeide/plugins/com.st.stm32cube.ide.mcu.externaltools.gnu-tools-for-stm32.9-2020-q2-update.win32_2.0.0.202105311346/tools/bin/../lib/gcc/arm-none-eabi/9.3.1/thumb/v7e-m+dp/hard/crtbegin.o
                0x0000000024000028                . = ALIGN (0x4)

.bss            0x0000000024000028       0xd0 load address 0x0000000008004314
                0x0000000024000028                _sbss = .
                0x0000000024000028                __bss_start__ = _sbss
 *(.bss)
 .bss           0x0000000024000028       0x1c c:/stm32/cubeide/stm32cubeide/plugins/com.st.stm32cube.ide.mcu.externaltools.gnu-tools-for-stm32.9-2020-q2-update.win32_2.0.0.202105311346/tools/bin/../lib/gcc/arm-none-eabi/9.3.1/thumb/v7e-m+dp/hard/crtbegin.o
 *(.bss*)
 *(COMMON)
 COMMON         0x0000000024000044       0x64 ./Core/Src/main.o
                0x0000000024000044                readbuf
 COMMON         0x00000000240000a8       0x4c ./Core/Src/quadspi.o
                0x00000000240000a8                hqspi
 COMMON         0x00000000240000f4        0x4 ./Drivers/STM32H7xx_HAL_Driver/Src/stm32h7xx_hal.o
                0x00000000240000f4                uwTick
                0x00000000240000f8                . = ALIGN (0x4)
                0x00000000240000f8                _ebss = .
                0x00000000240000f8                __bss_end__ = _ebss

._user_heap_stack
                0x00000000240000f8      0x600 load address 0x0000000008004314
                0x00000000240000f8                . = ALIGN (0x8)
                [!provide]                        PROVIDE (end = .)
                0x00000000240000f8                PROVIDE (_end = .)
                0x00000000240002f8                . = (. + _Min_Heap_Size)
 *fill*         0x00000000240000f8      0x200 
                0x00000000240006f8                . = (. + _Min_Stack_Size)
 *fill*         0x00000000240002f8      0x400 
                0x00000000240006f8                . = ALIGN (0x8)

/DISCARD/
 libc.a(*)
 libm.a(*)
 libgcc.a(*)

.ARM.attributes
                0x0000000000000000       0x2e
 *(.ARM.attributes)
 .ARM.attributes
                0x0000000000000000       0x1e c:/stm32/cubeide/stm32cubeide/plugins/com.st.stm32cube.ide.mcu.externaltools.gnu-tools-for-stm32.9-2020-q2-update.win32_2.0.0.202105311346/tools/bin/../lib/gcc/arm-none-eabi/9.3.1/thumb/v7e-m+dp/hard/crti.o
 .ARM.attributes
                0x000000000000001e       0x32 c:/stm32/cubeide/stm32cubeide/plugins/com.st.stm32cube.ide.mcu.externaltools.gnu-tools-for-stm32.9-2020-q2-update.win32_2.0.0.202105311346/tools/bin/../lib/gcc/arm-none-eabi/9.3.1/thumb/v7e-m+dp/hard/crtbegin.o
 .ARM.attributes
                0x0000000000000050       0x32 ./Core/Src/gpio.o
 .ARM.attributes
                0x0000000000000082       0x32 ./Core/Src/main.o
 .ARM.attributes
                0x00000000000000b4       0x32 ./Core/Src/quadspi.o
 .ARM.attributes
                0x00000000000000e6       0x32 ./Core/Src/stm32h7xx_hal_msp.o
 .ARM.attributes
                0x0000000000000118       0x32 ./Core/Src/stm32h7xx_it.o
 .ARM.attributes
                0x000000000000014a       0x32 ./Core/Src/system_stm32h7xx.o
 .ARM.attributes
                0x000000000000017c       0x21 ./Core/Startup/startup_stm32h743vitx.o
 .ARM.attributes
                0x000000000000019d       0x32 ./Drivers/STM32H7xx_HAL_Driver/Src/stm32h7xx_hal.o
 .ARM.attributes
                0x00000000000001cf       0x32 ./Drivers/STM32H7xx_HAL_Driver/Src/stm32h7xx_hal_cortex.o
 .ARM.attributes
                0x0000000000000201       0x32 ./Drivers/STM32H7xx_HAL_Driver/Src/stm32h7xx_hal_gpio.o
 .ARM.attributes
                0x0000000000000233       0x32 ./Drivers/STM32H7xx_HAL_Driver/Src/stm32h7xx_hal_pwr_ex.o
 .ARM.attributes
                0x0000000000000265       0x32 ./Drivers/STM32H7xx_HAL_Driver/Src/stm32h7xx_hal_qspi.o
 .ARM.attributes
                0x0000000000000297       0x32 ./Drivers/STM32H7xx_HAL_Driver/Src/stm32h7xx_hal_rcc.o
 .ARM.attributes
                0x00000000000002c9       0x32 ./Drivers/STM32H7xx_HAL_Driver/Src/stm32h7xx_hal_rcc_ex.o
 .ARM.attributes
                0x00000000000002fb       0x32 c:/stm32/cubeide/stm32cubeide/plugins/com.st.stm32cube.ide.mcu.externaltools.gnu-tools-for-stm32.9-2020-q2-update.win32_2.0.0.202105311346/tools/bin/../lib/gcc/arm-none-eabi/9.3.1/../../../../arm-none-eabi/lib/thumb/v7e-m+dp/hard\libc_nano.a(lib_a-init.o)
 .ARM.attributes
                0x000000000000032d       0x32 c:/stm32/cubeide/stm32cubeide/plugins/com.st.stm32cube.ide.mcu.externaltools.gnu-tools-for-stm32.9-2020-q2-update.win32_2.0.0.202105311346/tools/bin/../lib/gcc/arm-none-eabi/9.3.1/../../../../arm-none-eabi/lib/thumb/v7e-m+dp/hard\libc_nano.a(lib_a-memset.o)
 .ARM.attributes
                0x000000000000035f       0x1e c:/stm32/cubeide/stm32cubeide/plugins/com.st.stm32cube.ide.mcu.externaltools.gnu-tools-for-stm32.9-2020-q2-update.win32_2.0.0.202105311346/tools/bin/../lib/gcc/arm-none-eabi/9.3.1/thumb/v7e-m+dp/hard/crtn.o
OUTPUT(H743_QSPI_deneme3.elf elf32-littlearm)
LOAD linker stubs
LOAD c:/stm32/cubeide/stm32cubeide/plugins/com.st.stm32cube.ide.mcu.externaltools.gnu-tools-for-stm32.9-2020-q2-update.win32_2.0.0.202105311346/tools/bin/../lib/gcc/arm-none-eabi/9.3.1/../../../../arm-none-eabi/lib/thumb/v7e-m+dp/hard\libc.a
LOAD c:/stm32/cubeide/stm32cubeide/plugins/com.st.stm32cube.ide.mcu.externaltools.gnu-tools-for-stm32.9-2020-q2-update.win32_2.0.0.202105311346/tools/bin/../lib/gcc/arm-none-eabi/9.3.1/../../../../arm-none-eabi/lib/thumb/v7e-m+dp/hard\libm.a
LOAD c:/stm32/cubeide/stm32cubeide/plugins/com.st.stm32cube.ide.mcu.externaltools.gnu-tools-for-stm32.9-2020-q2-update.win32_2.0.0.202105311346/tools/bin/../lib/gcc/arm-none-eabi/9.3.1/thumb/v7e-m+dp/hard\libgcc.a

.debug_info     0x0000000000000000    0x13e49
 .debug_info    0x0000000000000000      0xfaf ./Core/Src/gpio.o
 .debug_info    0x0000000000000faf     0x1ba8 ./Core/Src/main.o
 .debug_info    0x0000000000002b57     0x1f1e ./Core/Src/quadspi.o
 .debug_info    0x0000000000004a75      0xf3b ./Core/Src/stm32h7xx_hal_msp.o
 .debug_info    0x00000000000059b0      0xbe2 ./Core/Src/stm32h7xx_it.o
 .debug_info    0x0000000000006592     0x1748 ./Core/Src/system_stm32h7xx.o
 .debug_info    0x0000000000007cda       0x22 ./Core/Startup/startup_stm32h743vitx.o
 .debug_info    0x0000000000007cfc     0x1f5e ./Drivers/STM32H7xx_HAL_Driver/Src/stm32h7xx_hal.o
 .debug_info    0x0000000000009c5a     0x1bd4 ./Drivers/STM32H7xx_HAL_Driver/Src/stm32h7xx_hal_cortex.o
 .debug_info    0x000000000000b82e     0x17bf ./Drivers/STM32H7xx_HAL_Driver/Src/stm32h7xx_hal_gpio.o
 .debug_info    0x000000000000cfed     0x1b06 ./Drivers/STM32H7xx_HAL_Driver/Src/stm32h7xx_hal_pwr_ex.o
 .debug_info    0x000000000000eaf3     0x1d6a ./Drivers/STM32H7xx_HAL_Driver/Src/stm32h7xx_hal_qspi.o
 .debug_info    0x000000000001085d     0x192a ./Drivers/STM32H7xx_HAL_Driver/Src/stm32h7xx_hal_rcc.o
 .debug_info    0x0000000000012187     0x1cc2 ./Drivers/STM32H7xx_HAL_Driver/Src/stm32h7xx_hal_rcc_ex.o

.debug_abbrev   0x0000000000000000     0x2540
 .debug_abbrev  0x0000000000000000      0x21a ./Core/Src/gpio.o
 .debug_abbrev  0x000000000000021a      0x333 ./Core/Src/main.o
 .debug_abbrev  0x000000000000054d      0x31d ./Core/Src/quadspi.o
 .debug_abbrev  0x000000000000086a      0x20f ./Core/Src/stm32h7xx_hal_msp.o
 .debug_abbrev  0x0000000000000a79      0x1ef ./Core/Src/stm32h7xx_it.o
 .debug_abbrev  0x0000000000000c68      0x262 ./Core/Src/system_stm32h7xx.o
 .debug_abbrev  0x0000000000000eca       0x12 ./Core/Startup/startup_stm32h743vitx.o
 .debug_abbrev  0x0000000000000edc      0x31b ./Drivers/STM32H7xx_HAL_Driver/Src/stm32h7xx_hal.o
 .debug_abbrev  0x00000000000011f7      0x409 ./Drivers/STM32H7xx_HAL_Driver/Src/stm32h7xx_hal_cortex.o
 .debug_abbrev  0x0000000000001600      0x2cb ./Drivers/STM32H7xx_HAL_Driver/Src/stm32h7xx_hal_gpio.o
 .debug_abbrev  0x00000000000018cb      0x350 ./Drivers/STM32H7xx_HAL_Driver/Src/stm32h7xx_hal_pwr_ex.o
 .debug_abbrev  0x0000000000001c1b      0x2e6 ./Drivers/STM32H7xx_HAL_Driver/Src/stm32h7xx_hal_qspi.o
 .debug_abbrev  0x0000000000001f01      0x322 ./Drivers/STM32H7xx_HAL_Driver/Src/stm32h7xx_hal_rcc.o
 .debug_abbrev  0x0000000000002223      0x31d ./Drivers/STM32H7xx_HAL_Driver/Src/stm32h7xx_hal_rcc_ex.o

.debug_aranges  0x0000000000000000      0x8e0
 .debug_aranges
                0x0000000000000000       0x20 ./Core/Src/gpio.o
 .debug_aranges
                0x0000000000000020       0x30 ./Core/Src/main.o
 .debug_aranges
                0x0000000000000050       0x90 ./Core/Src/quadspi.o
 .debug_aranges
                0x00000000000000e0       0x20 ./Core/Src/stm32h7xx_hal_msp.o
 .debug_aranges
                0x0000000000000100       0x60 ./Core/Src/stm32h7xx_it.o
 .debug_aranges
                0x0000000000000160       0x28 ./Core/Src/system_stm32h7xx.o
 .debug_aranges
                0x0000000000000188       0x28 ./Core/Startup/startup_stm32h743vitx.o
 .debug_aranges
                0x00000000000001b0      0x198 ./Drivers/STM32H7xx_HAL_Driver/Src/stm32h7xx_hal.o
 .debug_aranges
                0x0000000000000348      0x120 ./Drivers/STM32H7xx_HAL_Driver/Src/stm32h7xx_hal_cortex.o
 .debug_aranges
                0x0000000000000468       0x58 ./Drivers/STM32H7xx_HAL_Driver/Src/stm32h7xx_hal_gpio.o
 .debug_aranges
                0x00000000000004c0      0x158 ./Drivers/STM32H7xx_HAL_Driver/Src/stm32h7xx_hal_pwr_ex.o
 .debug_aranges
                0x0000000000000618      0x148 ./Drivers/STM32H7xx_HAL_Driver/Src/stm32h7xx_hal_qspi.o
 .debug_aranges
                0x0000000000000760       0x88 ./Drivers/STM32H7xx_HAL_Driver/Src/stm32h7xx_hal_rcc.o
 .debug_aranges
                0x00000000000007e8       0xf8 ./Drivers/STM32H7xx_HAL_Driver/Src/stm32h7xx_hal_rcc_ex.o

.debug_ranges   0x0000000000000000      0x808
 .debug_ranges  0x0000000000000000       0x10 ./Core/Src/gpio.o
 .debug_ranges  0x0000000000000010       0x20 ./Core/Src/main.o
 .debug_ranges  0x0000000000000030       0x80 ./Core/Src/quadspi.o
 .debug_ranges  0x00000000000000b0       0x10 ./Core/Src/stm32h7xx_hal_msp.o
 .debug_ranges  0x00000000000000c0       0x50 ./Core/Src/stm32h7xx_it.o
 .debug_ranges  0x0000000000000110       0x18 ./Core/Src/system_stm32h7xx.o
 .debug_ranges  0x0000000000000128       0x20 ./Core/Startup/startup_stm32h743vitx.o
 .debug_ranges  0x0000000000000148      0x188 ./Drivers/STM32H7xx_HAL_Driver/Src/stm32h7xx_hal.o
 .debug_ranges  0x00000000000002d0      0x110 ./Drivers/STM32H7xx_HAL_Driver/Src/stm32h7xx_hal_cortex.o
 .debug_ranges  0x00000000000003e0       0x48 ./Drivers/STM32H7xx_HAL_Driver/Src/stm32h7xx_hal_gpio.o
 .debug_ranges  0x0000000000000428      0x148 ./Drivers/STM32H7xx_HAL_Driver/Src/stm32h7xx_hal_pwr_ex.o
 .debug_ranges  0x0000000000000570      0x138 ./Drivers/STM32H7xx_HAL_Driver/Src/stm32h7xx_hal_qspi.o
 .debug_ranges  0x00000000000006a8       0x78 ./Drivers/STM32H7xx_HAL_Driver/Src/stm32h7xx_hal_rcc.o
 .debug_ranges  0x0000000000000720       0xe8 ./Drivers/STM32H7xx_HAL_Driver/Src/stm32h7xx_hal_rcc_ex.o

.debug_macro    0x0000000000000000    0x35045
 .debug_macro   0x0000000000000000      0x29d ./Core/Src/gpio.o
 .debug_macro   0x000000000000029d      0xac0 ./Core/Src/gpio.o
 .debug_macro   0x0000000000000d5d      0x232 ./Core/Src/gpio.o
 .debug_macro   0x0000000000000f8f       0x2e ./Core/Src/gpio.o
 .debug_macro   0x0000000000000fbd       0x3b ./Core/Src/gpio.o
 .debug_macro   0x0000000000000ff8       0x22 ./Core/Src/gpio.o
 .debug_macro   0x000000000000101a       0x8e ./Core/Src/gpio.o
 .debug_macro   0x00000000000010a8       0x51 ./Core/Src/gpio.o
 .debug_macro   0x00000000000010f9      0x103 ./Core/Src/gpio.o
 .debug_macro   0x00000000000011fc       0x6a ./Core/Src/gpio.o
 .debug_macro   0x0000000000001266      0x1df ./Core/Src/gpio.o
 .debug_macro   0x0000000000001445       0x1c ./Core/Src/gpio.o
 .debug_macro   0x0000000000001461       0x22 ./Core/Src/gpio.o
 .debug_macro   0x0000000000001483      0x101 ./Core/Src/gpio.o
 .debug_macro   0x0000000000001584     0x1305 ./Core/Src/gpio.o
 .debug_macro   0x0000000000002889      0x11f ./Core/Src/gpio.o
 .debug_macro   0x00000000000029a8       0x27 ./Core/Src/gpio.o
 .debug_macro   0x00000000000029cf    0x253d1 ./Core/Src/gpio.o
 .debug_macro   0x0000000000027da0       0x43 ./Core/Src/gpio.o
 .debug_macro   0x0000000000027de3     0x3cd3 ./Core/Src/gpio.o
 .debug_macro   0x000000000002bab6      0x174 ./Core/Src/gpio.o
 .debug_macro   0x000000000002bc2a       0x52 ./Core/Src/gpio.o
 .debug_macro   0x000000000002bc7c       0x17 ./Core/Src/gpio.o
 .debug_macro   0x000000000002bc93       0x3c ./Core/Src/gpio.o
 .debug_macro   0x000000000002bccf       0x34 ./Core/Src/gpio.o
 .debug_macro   0x000000000002bd03       0x16 ./Core/Src/gpio.o
 .debug_macro   0x000000000002bd19       0x43 ./Core/Src/gpio.o
 .debug_macro   0x000000000002bd5c       0x34 ./Core/Src/gpio.o
 .debug_macro   0x000000000002bd90       0x10 ./Core/Src/gpio.o
 .debug_macro   0x000000000002bda0       0x58 ./Core/Src/gpio.o
 .debug_macro   0x000000000002bdf8       0x71 ./Core/Src/gpio.o
 .debug_macro   0x000000000002be69       0x1c ./Core/Src/gpio.o
 .debug_macro   0x000000000002be85      0x12a ./Core/Src/gpio.o
 .debug_macro   0x000000000002bfaf      0x333 ./Core/Src/gpio.o
 .debug_macro   0x000000000002c2e2      0x1a9 ./Core/Src/gpio.o
 .debug_macro   0x000000000002c48b       0x5d ./Core/Src/gpio.o
 .debug_macro   0x000000000002c4e8     0x2382 ./Core/Src/gpio.o
 .debug_macro   0x000000000002e86a     0x1002 ./Core/Src/gpio.o
 .debug_macro   0x000000000002f86c      0x14d ./Core/Src/gpio.o
 .debug_macro   0x000000000002f9b9      0x117 ./Core/Src/gpio.o
 .debug_macro   0x000000000002fad0      0x3b2 ./Core/Src/gpio.o
 .debug_macro   0x000000000002fe82       0x27 ./Core/Src/gpio.o
 .debug_macro   0x000000000002fea9      0x72d ./Core/Src/gpio.o
 .debug_macro   0x00000000000305d6      0x229 ./Core/Src/gpio.o
 .debug_macro   0x00000000000307ff       0x66 ./Core/Src/gpio.o
 .debug_macro   0x0000000000030865      0x3bb ./Core/Src/gpio.o
 .debug_macro   0x0000000000030c20      0x3e5 ./Core/Src/gpio.o
 .debug_macro   0x0000000000031005      0x275 ./Core/Src/gpio.o
 .debug_macro   0x000000000003127a      0x3cb ./Core/Src/gpio.o
 .debug_macro   0x0000000000031645      0x408 ./Core/Src/gpio.o
 .debug_macro   0x0000000000031a4d       0x51 ./Core/Src/gpio.o
 .debug_macro   0x0000000000031a9e       0x4a ./Core/Src/gpio.o
 .debug_macro   0x0000000000031ae8      0x22c ./Core/Src/gpio.o
 .debug_macro   0x0000000000031d14       0x67 ./Core/Src/gpio.o
 .debug_macro   0x0000000000031d7b       0xa5 ./Core/Src/gpio.o
 .debug_macro   0x0000000000031e20      0x1c5 ./Core/Src/gpio.o
 .debug_macro   0x0000000000031fe5      0x25f ./Core/Src/gpio.o
 .debug_macro   0x0000000000032244       0x35 ./Core/Src/gpio.o
 .debug_macro   0x0000000000032279      0x2d4 ./Core/Src/gpio.o
 .debug_macro   0x000000000003254d      0x5a0 ./Core/Src/gpio.o
 .debug_macro   0x0000000000032aed      0x3a1 ./Core/Src/main.o
 .debug_macro   0x0000000000032e8e       0x82 ./Core/Src/main.o
 .debug_macro   0x0000000000032f10       0x16 ./Core/Src/main.o
 .debug_macro   0x0000000000032f26       0x35 ./Core/Src/main.o
 .debug_macro   0x0000000000032f5b       0x20 ./Core/Src/main.o
 .debug_macro   0x0000000000032f7b       0x1c ./Core/Src/main.o
 .debug_macro   0x0000000000032f97       0x10 ./Core/Src/main.o
 .debug_macro   0x0000000000032fa7       0x10 ./Core/Src/main.o
 .debug_macro   0x0000000000032fb7       0x1c ./Core/Src/main.o
 .debug_macro   0x0000000000032fd3       0x52 ./Core/Src/main.o
 .debug_macro   0x0000000000033025       0x22 ./Core/Src/main.o
 .debug_macro   0x0000000000033047       0x10 ./Core/Src/main.o
 .debug_macro   0x0000000000033057       0x40 ./Core/Src/main.o
 .debug_macro   0x0000000000033097       0xd5 ./Core/Src/main.o
 .debug_macro   0x000000000003316c       0x1c ./Core/Src/main.o
 .debug_macro   0x0000000000033188       0x3d ./Core/Src/main.o
 .debug_macro   0x00000000000331c5       0x16 ./Core/Src/main.o
 .debug_macro   0x00000000000331db      0x145 ./Core/Src/main.o
 .debug_macro   0x0000000000033320      0x2a2 ./Core/Src/quadspi.o
 .debug_macro   0x00000000000335c2      0x293 ./Core/Src/stm32h7xx_hal_msp.o
 .debug_macro   0x0000000000033855      0x29d ./Core/Src/stm32h7xx_it.o
 .debug_macro   0x0000000000033af2      0x28f ./Core/Src/system_stm32h7xx.o
 .debug_macro   0x0000000000033d81      0x2b3 ./Drivers/STM32H7xx_HAL_Driver/Src/stm32h7xx_hal.o
 .debug_macro   0x0000000000034034      0x289 ./Drivers/STM32H7xx_HAL_Driver/Src/stm32h7xx_hal_cortex.o
 .debug_macro   0x00000000000342bd      0x2c5 ./Drivers/STM32H7xx_HAL_Driver/Src/stm32h7xx_hal_gpio.o
 .debug_macro   0x0000000000034582      0x2c2 ./Drivers/STM32H7xx_HAL_Driver/Src/stm32h7xx_hal_pwr_ex.o
 .debug_macro   0x0000000000034844      0x2ad ./Drivers/STM32H7xx_HAL_Driver/Src/stm32h7xx_hal_qspi.o
 .debug_macro   0x0000000000034af1      0x2ad ./Drivers/STM32H7xx_HAL_Driver/Src/stm32h7xx_hal_rcc.o
 .debug_macro   0x0000000000034d9e      0x2a7 ./Drivers/STM32H7xx_HAL_Driver/Src/stm32h7xx_hal_rcc_ex.o

.debug_line     0x0000000000000000     0xb241
 .debug_line    0x0000000000000000      0x7e5 ./Core/Src/gpio.o
 .debug_line    0x00000000000007e5      0xa73 ./Core/Src/main.o
 .debug_line    0x0000000000001258      0xd82 ./Core/Src/quadspi.o
 .debug_line    0x0000000000001fda      0x7e5 ./Core/Src/stm32h7xx_hal_msp.o
 .debug_line    0x00000000000027bf      0x8a8 ./Core/Src/stm32h7xx_it.o
 .debug_line    0x0000000000003067      0x99c ./Core/Src/system_stm32h7xx.o
 .debug_line    0x0000000000003a03       0x88 ./Core/Startup/startup_stm32h743vitx.o
 .debug_line    0x0000000000003a8b      0xd93 ./Drivers/STM32H7xx_HAL_Driver/Src/stm32h7xx_hal.o
 .debug_line    0x000000000000481e      0xd99 ./Drivers/STM32H7xx_HAL_Driver/Src/stm32h7xx_hal_cortex.o
 .debug_line    0x00000000000055b7      0xc5e ./Drivers/STM32H7xx_HAL_Driver/Src/stm32h7xx_hal_gpio.o
 .debug_line    0x0000000000006215      0xead ./Drivers/STM32H7xx_HAL_Driver/Src/stm32h7xx_hal_pwr_ex.o
 .debug_line    0x00000000000070c2     0x13f4 ./Drivers/STM32H7xx_HAL_Driver/Src/stm32h7xx_hal_qspi.o
 .debug_line    0x00000000000084b6     0x12df ./Drivers/STM32H7xx_HAL_Driver/Src/stm32h7xx_hal_rcc.o
 .debug_line    0x0000000000009795     0x1aac ./Drivers/STM32H7xx_HAL_Driver/Src/stm32h7xx_hal_rcc_ex.o

.debug_str      0x0000000000000000   0x14fd55
 .debug_str     0x0000000000000000   0x14b006 ./Core/Src/gpio.o
                                     0x14b511 (size before relaxing)
 .debug_str     0x000000000014b006     0x1a4b ./Core/Src/main.o
                                     0x14cdb9 (size before relaxing)
 .debug_str     0x000000000014ca51      0x6b3 ./Core/Src/quadspi.o
                                     0x14c333 (size before relaxing)
 .debug_str     0x000000000014d104       0x2c ./Core/Src/stm32h7xx_hal_msp.o
                                     0x14b511 (size before relaxing)
 .debug_str     0x000000000014d130       0xbd ./Core/Src/stm32h7xx_it.o
                                     0x14b378 (size before relaxing)
 .debug_str     0x000000000014d1ed      0x225 ./Core/Src/system_stm32h7xx.o
                                     0x14b820 (size before relaxing)
 .debug_str     0x000000000014d412       0x36 ./Core/Startup/startup_stm32h743vitx.o
                                         0x7c (size before relaxing)
 .debug_str     0x000000000014d448      0xef7 ./Drivers/STM32H7xx_HAL_Driver/Src/stm32h7xx_hal.o
                                     0x14c631 (size before relaxing)
 .debug_str     0x000000000014e33f      0x39f ./Drivers/STM32H7xx_HAL_Driver/Src/stm32h7xx_hal_cortex.o
                                     0x14c139 (size before relaxing)
 .debug_str     0x000000000014e6de      0x21b ./Drivers/STM32H7xx_HAL_Driver/Src/stm32h7xx_hal_gpio.o
                                     0x14b8d0 (size before relaxing)
 .debug_str     0x000000000014e8f9      0x63e ./Drivers/STM32H7xx_HAL_Driver/Src/stm32h7xx_hal_pwr_ex.o
                                     0x14bc8a (size before relaxing)
 .debug_str     0x000000000014ef37      0x54d ./Drivers/STM32H7xx_HAL_Driver/Src/stm32h7xx_hal_qspi.o
                                     0x14beb3 (size before relaxing)
 .debug_str     0x000000000014f484      0x26c ./Drivers/STM32H7xx_HAL_Driver/Src/stm32h7xx_hal_rcc.o
                                     0x14bb5f (size before relaxing)
 .debug_str     0x000000000014f6f0      0x665 ./Drivers/STM32H7xx_HAL_Driver/Src/stm32h7xx_hal_rcc_ex.o
                                     0x14c011 (size before relaxing)

.comment        0x0000000000000000       0x53
 .comment       0x0000000000000000       0x53 ./Core/Src/gpio.o
                                         0x54 (size before relaxing)
 .comment       0x0000000000000053       0x54 ./Core/Src/main.o
 .comment       0x0000000000000053       0x54 ./Core/Src/quadspi.o
 .comment       0x0000000000000053       0x54 ./Core/Src/stm32h7xx_hal_msp.o
 .comment       0x0000000000000053       0x54 ./Core/Src/stm32h7xx_it.o
 .comment       0x0000000000000053       0x54 ./Core/Src/system_stm32h7xx.o
 .comment       0x0000000000000053       0x54 ./Drivers/STM32H7xx_HAL_Driver/Src/stm32h7xx_hal.o
 .comment       0x0000000000000053       0x54 ./Drivers/STM32H7xx_HAL_Driver/Src/stm32h7xx_hal_cortex.o
 .comment       0x0000000000000053       0x54 ./Drivers/STM32H7xx_HAL_Driver/Src/stm32h7xx_hal_gpio.o
 .comment       0x0000000000000053       0x54 ./Drivers/STM32H7xx_HAL_Driver/Src/stm32h7xx_hal_pwr_ex.o
 .comment       0x0000000000000053       0x54 ./Drivers/STM32H7xx_HAL_Driver/Src/stm32h7xx_hal_qspi.o
 .comment       0x0000000000000053       0x54 ./Drivers/STM32H7xx_HAL_Driver/Src/stm32h7xx_hal_rcc.o
 .comment       0x0000000000000053       0x54 ./Drivers/STM32H7xx_HAL_Driver/Src/stm32h7xx_hal_rcc_ex.o

.debug_frame    0x0000000000000000     0x2290
 .debug_frame   0x0000000000000000       0x38 ./Core/Src/gpio.o
 .debug_frame   0x0000000000000038       0x6c ./Core/Src/main.o
 .debug_frame   0x00000000000000a4      0x220 ./Core/Src/quadspi.o
 .debug_frame   0x00000000000002c4       0x38 ./Core/Src/stm32h7xx_hal_msp.o
 .debug_frame   0x00000000000002fc      0x104 ./Core/Src/stm32h7xx_it.o
 .debug_frame   0x0000000000000400       0x58 ./Core/Src/system_stm32h7xx.o
 .debug_frame   0x0000000000000458      0x690 ./Drivers/STM32H7xx_HAL_Driver/Src/stm32h7xx_hal.o
 .debug_frame   0x0000000000000ae8      0x4b8 ./Drivers/STM32H7xx_HAL_Driver/Src/stm32h7xx_hal_cortex.o
 .debug_frame   0x0000000000000fa0      0x14c ./Drivers/STM32H7xx_HAL_Driver/Src/stm32h7xx_hal_gpio.o
 .debug_frame   0x00000000000010ec      0x580 ./Drivers/STM32H7xx_HAL_Driver/Src/stm32h7xx_hal_pwr_ex.o
 .debug_frame   0x000000000000166c      0x5ec ./Drivers/STM32H7xx_HAL_Driver/Src/stm32h7xx_hal_qspi.o
 .debug_frame   0x0000000000001c58      0x1f8 ./Drivers/STM32H7xx_HAL_Driver/Src/stm32h7xx_hal_rcc.o
 .debug_frame   0x0000000000001e50      0x3f4 ./Drivers/STM32H7xx_HAL_Driver/Src/stm32h7xx_hal_rcc_ex.o
 .debug_frame   0x0000000000002244       0x2c c:/stm32/cubeide/stm32cubeide/plugins/com.st.stm32cube.ide.mcu.externaltools.gnu-tools-for-stm32.9-2020-q2-update.win32_2.0.0.202105311346/tools/bin/../lib/gcc/arm-none-eabi/9.3.1/../../../../arm-none-eabi/lib/thumb/v7e-m+dp/hard\libc_nano.a(lib_a-init.o)
 .debug_frame   0x0000000000002270       0x20 c:/stm32/cubeide/stm32cubeide/plugins/com.st.stm32cube.ide.mcu.externaltools.gnu-tools-for-stm32.9-2020-q2-update.win32_2.0.0.202105311346/tools/bin/../lib/gcc/arm-none-eabi/9.3.1/../../../../arm-none-eabi/lib/thumb/v7e-m+dp/hard\libc_nano.a(lib_a-memset.o)
