Archive member included to satisfy reference by file (symbol)

c:/stm32/cubeide/stm32cubeide/plugins/com.st.stm32cube.ide.mcu.externaltools.gnu-tools-for-stm32.9-2020-q2-update.win32_2.0.0.202105311346/tools/bin/../lib/gcc/arm-none-eabi/9.3.1/../../../../arm-none-eabi/lib/thumb/v7e-m+dp/hard\libc_nano.a(lib_a-errno.o)
                              ./Core/Src/syscalls.o (__errno)
c:/stm32/cubeide/stm32cubeide/plugins/com.st.stm32cube.ide.mcu.externaltools.gnu-tools-for-stm32.9-2020-q2-update.win32_2.0.0.202105311346/tools/bin/../lib/gcc/arm-none-eabi/9.3.1/../../../../arm-none-eabi/lib/thumb/v7e-m+dp/hard\libc_nano.a(lib_a-exit.o)
                              c:/stm32/cubeide/stm32cubeide/plugins/com.st.stm32cube.ide.mcu.externaltools.gnu-tools-for-stm32.9-2020-q2-update.win32_2.0.0.202105311346/tools/bin/../lib/gcc/arm-none-eabi/9.3.1/../../../../arm-none-eabi/lib/thumb/v7e-m+dp/hard/crt0.o (exit)
c:/stm32/cubeide/stm32cubeide/plugins/com.st.stm32cube.ide.mcu.externaltools.gnu-tools-for-stm32.9-2020-q2-update.win32_2.0.0.202105311346/tools/bin/../lib/gcc/arm-none-eabi/9.3.1/../../../../arm-none-eabi/lib/thumb/v7e-m+dp/hard\libc_nano.a(lib_a-impure.o)
                              c:/stm32/cubeide/stm32cubeide/plugins/com.st.stm32cube.ide.mcu.externaltools.gnu-tools-for-stm32.9-2020-q2-update.win32_2.0.0.202105311346/tools/bin/../lib/gcc/arm-none-eabi/9.3.1/../../../../arm-none-eabi/lib/thumb/v7e-m+dp/hard\libc_nano.a(lib_a-exit.o) (_global_impure_ptr)
c:/stm32/cubeide/stm32cubeide/plugins/com.st.stm32cube.ide.mcu.externaltools.gnu-tools-for-stm32.9-2020-q2-update.win32_2.0.0.202105311346/tools/bin/../lib/gcc/arm-none-eabi/9.3.1/../../../../arm-none-eabi/lib/thumb/v7e-m+dp/hard\libc_nano.a(lib_a-init.o)
                              c:/stm32/cubeide/stm32cubeide/plugins/com.st.stm32cube.ide.mcu.externaltools.gnu-tools-for-stm32.9-2020-q2-update.win32_2.0.0.202105311346/tools/bin/../lib/gcc/arm-none-eabi/9.3.1/../../../../arm-none-eabi/lib/thumb/v7e-m+dp/hard/crt0.o (__libc_init_array)
c:/stm32/cubeide/stm32cubeide/plugins/com.st.stm32cube.ide.mcu.externaltools.gnu-tools-for-stm32.9-2020-q2-update.win32_2.0.0.202105311346/tools/bin/../lib/gcc/arm-none-eabi/9.3.1/../../../../arm-none-eabi/lib/thumb/v7e-m+dp/hard\libc_nano.a(lib_a-memset.o)
                              c:/stm32/cubeide/stm32cubeide/plugins/com.st.stm32cube.ide.mcu.externaltools.gnu-tools-for-stm32.9-2020-q2-update.win32_2.0.0.202105311346/tools/bin/../lib/gcc/arm-none-eabi/9.3.1/../../../../arm-none-eabi/lib/thumb/v7e-m+dp/hard/crt0.o (memset)

Allocating common symbols
Common symbol       size              file

uwTick              0x4               ./Drivers/STM32H7xx_HAL_Driver/Src/stm32h7xx_hal.o
pFlash              0x1c              ./Drivers/STM32H7xx_HAL_Driver/Src/stm32h7xx_hal_flash.o

Discarded input sections

 .text          0x0000000000000000        0x0 c:/stm32/cubeide/stm32cubeide/plugins/com.st.stm32cube.ide.mcu.externaltools.gnu-tools-for-stm32.9-2020-q2-update.win32_2.0.0.202105311346/tools/bin/../lib/gcc/arm-none-eabi/9.3.1/thumb/v7e-m+dp/hard/crti.o
 .data          0x0000000000000000        0x0 c:/stm32/cubeide/stm32cubeide/plugins/com.st.stm32cube.ide.mcu.externaltools.gnu-tools-for-stm32.9-2020-q2-update.win32_2.0.0.202105311346/tools/bin/../lib/gcc/arm-none-eabi/9.3.1/thumb/v7e-m+dp/hard/crti.o
 .bss           0x0000000000000000        0x0 c:/stm32/cubeide/stm32cubeide/plugins/com.st.stm32cube.ide.mcu.externaltools.gnu-tools-for-stm32.9-2020-q2-update.win32_2.0.0.202105311346/tools/bin/../lib/gcc/arm-none-eabi/9.3.1/thumb/v7e-m+dp/hard/crti.o
 .data          0x0000000000000000        0x4 c:/stm32/cubeide/stm32cubeide/plugins/com.st.stm32cube.ide.mcu.externaltools.gnu-tools-for-stm32.9-2020-q2-update.win32_2.0.0.202105311346/tools/bin/../lib/gcc/arm-none-eabi/9.3.1/thumb/v7e-m+dp/hard/crtbegin.o
 .text          0x0000000000000000       0x7c c:/stm32/cubeide/stm32cubeide/plugins/com.st.stm32cube.ide.mcu.externaltools.gnu-tools-for-stm32.9-2020-q2-update.win32_2.0.0.202105311346/tools/bin/../lib/gcc/arm-none-eabi/9.3.1/../../../../arm-none-eabi/lib/thumb/v7e-m+dp/hard/crt0.o
 .data          0x0000000000000000        0x0 c:/stm32/cubeide/stm32cubeide/plugins/com.st.stm32cube.ide.mcu.externaltools.gnu-tools-for-stm32.9-2020-q2-update.win32_2.0.0.202105311346/tools/bin/../lib/gcc/arm-none-eabi/9.3.1/../../../../arm-none-eabi/lib/thumb/v7e-m+dp/hard/crt0.o
 .bss           0x0000000000000000        0x0 c:/stm32/cubeide/stm32cubeide/plugins/com.st.stm32cube.ide.mcu.externaltools.gnu-tools-for-stm32.9-2020-q2-update.win32_2.0.0.202105311346/tools/bin/../lib/gcc/arm-none-eabi/9.3.1/../../../../arm-none-eabi/lib/thumb/v7e-m+dp/hard/crt0.o
 .ARM.extab     0x0000000000000000        0x0 c:/stm32/cubeide/stm32cubeide/plugins/com.st.stm32cube.ide.mcu.externaltools.gnu-tools-for-stm32.9-2020-q2-update.win32_2.0.0.202105311346/tools/bin/../lib/gcc/arm-none-eabi/9.3.1/../../../../arm-none-eabi/lib/thumb/v7e-m+dp/hard/crt0.o
[...]
Memory Configuration

Name             Origin             Length             Attributes
FLASH            0x0000000090000000 0x0000000000800000 xr
DTCMRAM          0x0000000020000000 0x0000000000020000 xrw
RAM_D1           0x0000000024000000 0x0000000000080000 xrw
RAM_D2           0x0000000030000000 0x0000000000048000 xrw
RAM_D3           0x0000000038000000 0x0000000000010000 xrw
ITCMRAM          0x0000000000000000 0x0000000000010000 xrw
*default*        0x0000000000000000 0xffffffffffffffff

Linker script and memory map

LOAD c:/stm32/cubeide/stm32cubeide/plugins/com.st.stm32cube.ide.mcu.externaltools.gnu-tools-for-stm32.9-2020-q2-update.win32_2.0.0.202105311346/tools/bin/../lib/gcc/arm-none-eabi/9.3.1/thumb/v7e-m+dp/hard/crti.o
LOAD c:/stm32/cubeide/stm32cubeide/plugins/com.st.stm32cube.ide.mcu.externaltools.gnu-tools-for-stm32.9-2020-q2-update.win32_2.0.0.202105311346/tools/bin/../lib/gcc/arm-none-eabi/9.3.1/thumb/v7e-m+dp/hard/crtbegin.o
LOAD c:/stm32/cubeide/stm32cubeide/plugins/com.st.stm32cube.ide.mcu.externaltools.gnu-tools-for-stm32.9-2020-q2-update.win32_2.0.0.202105311346/tools/bin/../lib/gcc/arm-none-eabi/9.3.1/../../../../arm-none-eabi/lib/thumb/v7e-m+dp/hard/crt0.o
LOAD ./Core/Src/gpio.o
LOAD ./Core/Src/main.o
LOAD ./Core/Src/stm32h7xx_hal_msp.o
LOAD ./Core/Src/stm32h7xx_it.o
LOAD ./Core/Src/syscalls.o
LOAD ./Core/Src/sysmem.o
LOAD ./Core/Src/system_stm32h7xx.o
LOAD ./Core/Startup/startup_stm32h743vitx.o
LOAD ./Drivers/STM32H7xx_HAL_Driver/Src/stm32h7xx_hal.o
LOAD ./Drivers/STM32H7xx_HAL_Driver/Src/stm32h7xx_hal_cortex.o
LOAD ./Drivers/STM32H7xx_HAL_Driver/Src/stm32h7xx_hal_dma.o
LOAD ./Drivers/STM32H7xx_HAL_Driver/Src/stm32h7xx_hal_dma_ex.o
LOAD ./Drivers/STM32H7xx_HAL_Driver/Src/stm32h7xx_hal_exti.o
LOAD ./Drivers/STM32H7xx_HAL_Driver/Src/stm32h7xx_hal_flash.o
LOAD ./Drivers/STM32H7xx_HAL_Driver/Src/stm32h7xx_hal_flash_ex.o
LOAD ./Drivers/STM32H7xx_HAL_Driver/Src/stm32h7xx_hal_gpio.o
LOAD ./Drivers/STM32H7xx_HAL_Driver/Src/stm32h7xx_hal_hsem.o
LOAD ./Drivers/STM32H7xx_HAL_Driver/Src/stm32h7xx_hal_i2c.o
LOAD ./Drivers/STM32H7xx_HAL_Driver/Src/stm32h7xx_hal_i2c_ex.o
LOAD ./Drivers/STM32H7xx_HAL_Driver/Src/stm32h7xx_hal_mdma.o
LOAD ./Drivers/STM32H7xx_HAL_Driver/Src/stm32h7xx_hal_pwr.o
LOAD ./Drivers/STM32H7xx_HAL_Driver/Src/stm32h7xx_hal_pwr_ex.o
LOAD ./Drivers/STM32H7xx_HAL_Driver/Src/stm32h7xx_hal_rcc.o
LOAD ./Drivers/STM32H7xx_HAL_Driver/Src/stm32h7xx_hal_rcc_ex.o
LOAD ./Drivers/STM32H7xx_HAL_Driver/Src/stm32h7xx_hal_tim.o
LOAD ./Drivers/STM32H7xx_HAL_Driver/Src/stm32h7xx_hal_tim_ex.o
START GROUP
LOAD c:/stm32/cubeide/stm32cubeide/plugins/com.st.stm32cube.ide.mcu.externaltools.gnu-tools-for-stm32.9-2020-q2-update.win32_2.0.0.202105311346/tools/bin/../lib/gcc/arm-none-eabi/9.3.1/../../../../arm-none-eabi/lib/thumb/v7e-m+dp/hard\libc_nano.a
LOAD c:/stm32/cubeide/stm32cubeide/plugins/com.st.stm32cube.ide.mcu.externaltools.gnu-tools-for-stm32.9-2020-q2-update.win32_2.0.0.202105311346/tools/bin/../lib/gcc/arm-none-eabi/9.3.1/../../../../arm-none-eabi/lib/thumb/v7e-m+dp/hard\libm.a
END GROUP
START GROUP
LOAD c:/stm32/cubeide/stm32cubeide/plugins/com.st.stm32cube.ide.mcu.externaltools.gnu-tools-for-stm32.9-2020-q2-update.win32_2.0.0.202105311346/tools/bin/../lib/gcc/arm-none-eabi/9.3.1/thumb/v7e-m+dp/hard\libgcc.a
LOAD c:/stm32/cubeide/stm32cubeide/plugins/com.st.stm32cube.ide.mcu.externaltools.gnu-tools-for-stm32.9-2020-q2-update.win32_2.0.0.202105311346/tools/bin/../lib/gcc/arm-none-eabi/9.3.1/../../../../arm-none-eabi/lib/thumb/v7e-m+dp/hard\libc_nano.a
END GROUP
START GROUP
LOAD c:/stm32/cubeide/stm32cubeide/plugins/com.st.stm32cube.ide.mcu.externaltools.gnu-tools-for-stm32.9-2020-q2-update.win32_2.0.0.202105311346/tools/bin/../lib/gcc/arm-none-eabi/9.3.1/thumb/v7e-m+dp/hard\libgcc.a
LOAD c:/stm32/cubeide/stm32cubeide/plugins/com.st.stm32cube.ide.mcu.externaltools.gnu-tools-for-stm32.9-2020-q2-update.win32_2.0.0.202105311346/tools/bin/../lib/gcc/arm-none-eabi/9.3.1/../../../../arm-none-eabi/lib/thumb/v7e-m+dp/hard\libc_nano.a
LOAD c:/stm32/cubeide/stm32cubeide/plugins/com.st.stm32cube.ide.mcu.externaltools.gnu-tools-for-stm32.9-2020-q2-update.win32_2.0.0.202105311346/tools/bin/../lib/gcc/arm-none-eabi/9.3.1/../../../../arm-none-eabi/lib/thumb/v7e-m+dp/hard\libnosys.a
END GROUP
START GROUP
LOAD c:/stm32/cubeide/stm32cubeide/plugins/com.st.stm32cube.ide.mcu.externaltools.gnu-tools-for-stm32.9-2020-q2-update.win32_2.0.0.202105311346/tools/bin/../lib/gcc/arm-none-eabi/9.3.1/thumb/v7e-m+dp/hard\libgcc.a
LOAD c:/stm32/cubeide/stm32cubeide/plugins/com.st.stm32cube.ide.mcu.externaltools.gnu-tools-for-stm32.9-2020-q2-update.win32_2.0.0.202105311346/tools/bin/../lib/gcc/arm-none-eabi/9.3.1/../../../../arm-none-eabi/lib/thumb/v7e-m+dp/hard\libc_nano.a
LOAD c:/stm32/cubeide/stm32cubeide/plugins/com.st.stm32cube.ide.mcu.externaltools.gnu-tools-for-stm32.9-2020-q2-update.win32_2.0.0.202105311346/tools/bin/../lib/gcc/arm-none-eabi/9.3.1/../../../../arm-none-eabi/lib/thumb/v7e-m+dp/hard\libnosys.a
END GROUP
LOAD c:/stm32/cubeide/stm32cubeide/plugins/com.st.stm32cube.ide.mcu.externaltools.gnu-tools-for-stm32.9-2020-q2-update.win32_2.0.0.202105311346/tools/bin/../lib/gcc/arm-none-eabi/9.3.1/thumb/v7e-m+dp/hard/crtend.o
LOAD c:/stm32/cubeide/stm32cubeide/plugins/com.st.stm32cube.ide.mcu.externaltools.gnu-tools-for-stm32.9-2020-q2-update.win32_2.0.0.202105311346/tools/bin/../lib/gcc/arm-none-eabi/9.3.1/thumb/v7e-m+dp/hard/crtn.o
                0x0000000024080000                _estack = (ORIGIN (RAM_D1) + LENGTH (RAM_D1))
                0x0000000000000200                _Min_Heap_Size = 0x200
                0x0000000000000400                _Min_Stack_Size = 0x400

.isr_vector     0x0000000090000000      0x298
                0x0000000090000000                . = ALIGN (0x4)
 *(.isr_vector)
 .isr_vector    0x0000000090000000      0x298 ./Core/Startup/startup_stm32h743vitx.o
                0x0000000090000000                g_pfnVectors
                0x0000000090000298                . = ALIGN (0x4)

.text           0x0000000090000298     0x18b0
                0x0000000090000298                . = ALIGN (0x4)
 *(.text)
 .text          0x0000000090000298       0x40 c:/stm32/cubeide/stm32cubeide/plugins/com.st.stm32cube.ide.mcu.externaltools.gnu-tools-for-stm32.9-2020-q2-update.win32_2.0.0.202105311346/tools/bin/../lib/gcc/arm-none-eabi/9.3.1/thumb/v7e-m+dp/hard/crtbegin.o
 *(.text*)
 .text.MX_GPIO_Init
                0x00000000900002d8       0x54 ./Core/Src/gpio.o
                0x00000000900002d8                MX_GPIO_Init
 .text.main     0x000000009000032c       0xfc ./Core/Src/main.o
                0x000000009000032c                main
 .text.SystemClock_Config
                0x0000000090000428       0xfc ./Core/Src/main.o
                0x0000000090000428                SystemClock_Config
 .text.MPU_Config
                0x0000000090000524       0x6e ./Core/Src/main.o
 .text.Error_Handler
                0x0000000090000592        0xa ./Core/Src/main.o
                0x0000000090000592                Error_Handler
 .text.HAL_MspInit
                0x000000009000059c       0x34 ./Core/Src/stm32h7xx_hal_msp.o
                0x000000009000059c                HAL_MspInit
 .text.NMI_Handler
                0x00000000900005d0        0x6 ./Core/Src/stm32h7xx_it.o
                0x00000000900005d0                NMI_Handler
 .text.HardFault_Handler
                0x00000000900005d6        0x6 ./Core/Src/stm32h7xx_it.o
                0x00000000900005d6                HardFault_Handler
 .text.MemManage_Handler
                0x00000000900005dc        0x6 ./Core/Src/stm32h7xx_it.o
                0x00000000900005dc                MemManage_Handler
 .text.BusFault_Handler
                0x00000000900005e2        0x6 ./Core/Src/stm32h7xx_it.o
                0x00000000900005e2                BusFault_Handler
 .text.UsageFault_Handler
                0x00000000900005e8        0x6 ./Core/Src/stm32h7xx_it.o
                0x00000000900005e8                UsageFault_Handler
 .text.SVC_Handler
                0x00000000900005ee        0xe ./Core/Src/stm32h7xx_it.o
                0x00000000900005ee                SVC_Handler
 .text.DebugMon_Handler
                0x00000000900005fc        0xe ./Core/Src/stm32h7xx_it.o
                0x00000000900005fc                DebugMon_Handler
 .text.PendSV_Handler
                0x000000009000060a        0xe ./Core/Src/stm32h7xx_it.o
                0x000000009000060a                PendSV_Handler
 .text.SysTick_Handler
                0x0000000090000618        0xc ./Core/Src/stm32h7xx_it.o
                0x0000000090000618                SysTick_Handler
 .text.SystemInit
                0x0000000090000624      0x128 ./Core/Src/system_stm32h7xx.o
                0x0000000090000624                SystemInit
 .text.Reset_Handler
                0x000000009000074c       0x50 ./Core/Startup/startup_stm32h743vitx.o
                0x000000009000074c                Reset_Handler
 .text.Default_Handler
                0x000000009000079c        0x2 ./Core/Startup/startup_stm32h743vitx.o
                0x000000009000079c                RTC_Alarm_IRQHandler
                0x000000009000079c                EXTI2_IRQHandler
                0x000000009000079c                TIM8_CC_IRQHandler
                0x000000009000079c                HRTIM1_Master_IRQHandler
                0x000000009000079c                UART8_IRQHandler
                0x000000009000079c                SPI4_IRQHandler
                0x000000009000079c                TIM1_CC_IRQHandler
                0x000000009000079c                BDMA_Channel6_IRQHandler
                0x000000009000079c                DMA2_Stream5_IRQHandler
                0x000000009000079c                HRTIM1_FLT_IRQHandler
                0x000000009000079c                JPEG_IRQHandler
                0x000000009000079c                DMA1_Stream5_IRQHandler
                0x000000009000079c                BDMA_Channel1_IRQHandler
                0x000000009000079c                HRTIM1_TIMD_IRQHandler
                0x000000009000079c                TAMP_STAMP_IRQHandler
                0x000000009000079c                EXTI3_IRQHandler
                0x000000009000079c                LPTIM4_IRQHandler
                0x000000009000079c                TIM8_TRG_COM_TIM14_IRQHandler
                0x000000009000079c                LPTIM2_IRQHandler
                0x000000009000079c                DFSDM1_FLT1_IRQHandler
                0x000000009000079c                DMAMUX2_OVR_IRQHandler
                0x000000009000079c                TIM8_UP_TIM13_IRQHandler
                0x000000009000079c                I2C3_ER_IRQHandler
                0x000000009000079c                DFSDM1_FLT2_IRQHandler
                0x000000009000079c                MDMA_IRQHandler
                0x000000009000079c                LPTIM3_IRQHandler
                0x000000009000079c                HSEM1_IRQHandler
                0x000000009000079c                EXTI0_IRQHandler
                0x000000009000079c                I2C2_EV_IRQHandler
                0x000000009000079c                DMA1_Stream2_IRQHandler
                0x000000009000079c                FPU_IRQHandler
                0x000000009000079c                OTG_HS_WKUP_IRQHandler
                0x000000009000079c                FDCAN1_IT1_IRQHandler
                0x000000009000079c                LTDC_ER_IRQHandler
                0x000000009000079c                DMA2_Stream2_IRQHandler
                0x000000009000079c                HRTIM1_TIME_IRQHandler
                0x000000009000079c                SPI1_IRQHandler
                0x000000009000079c                TIM6_DAC_IRQHandler
                0x000000009000079c                DCMI_IRQHandler
                0x000000009000079c                HRTIM1_TIMC_IRQHandler
                0x000000009000079c                DMA2_Stream3_IRQHandler
                0x000000009000079c                SAI2_IRQHandler
                0x000000009000079c                DFSDM1_FLT3_IRQHandler
                0x000000009000079c                USART6_IRQHandler
                0x000000009000079c                TIM17_IRQHandler
                0x000000009000079c                USART3_IRQHandler
                0x000000009000079c                BDMA_Channel7_IRQHandler
                0x000000009000079c                LPTIM5_IRQHandler
                0x000000009000079c                UART5_IRQHandler
                0x000000009000079c                ADC3_IRQHandler
                0x000000009000079c                DMA2_Stream0_IRQHandler
                0x000000009000079c                TIM4_IRQHandler
                0x000000009000079c                BDMA_Channel2_IRQHandler
                0x000000009000079c                QUADSPI_IRQHandler
                0x000000009000079c                I2C1_EV_IRQHandler
                0x000000009000079c                DMA1_Stream6_IRQHandler
                0x000000009000079c                DMAMUX1_OVR_IRQHandler
                0x000000009000079c                DMA1_Stream1_IRQHandler
                0x000000009000079c                TIM16_IRQHandler
                0x000000009000079c                UART4_IRQHandler
                0x000000009000079c                BDMA_Channel5_IRQHandler
                0x000000009000079c                TIM3_IRQHandler
                0x000000009000079c                RCC_IRQHandler
                0x000000009000079c                TIM8_BRK_TIM12_IRQHandler
                0x000000009000079c                TIM1_TRG_COM_IRQHandler
                0x000000009000079c                Default_Handler
                0x000000009000079c                ECC_IRQHandler
                0x000000009000079c                CEC_IRQHandler
                0x000000009000079c                EXTI15_10_IRQHandler
                0x000000009000079c                BDMA_Channel0_IRQHandler
                0x000000009000079c                ADC_IRQHandler
                0x000000009000079c                DMA1_Stream7_IRQHandler
                0x000000009000079c                HRTIM1_TIMA_IRQHandler
                0x000000009000079c                SPI5_IRQHandler
                0x000000009000079c                TIM7_IRQHandler
                0x000000009000079c                SDMMC1_IRQHandler
                0x000000009000079c                TIM5_IRQHandler
                0x000000009000079c                DMA2_Stream7_IRQHandler
                0x000000009000079c                TIM15_IRQHandler
                0x000000009000079c                PVD_AVD_IRQHandler
                0x000000009000079c                I2C3_EV_IRQHandler
                0x000000009000079c                EXTI9_5_IRQHandler
                0x000000009000079c                RTC_WKUP_IRQHandler
                0x000000009000079c                LTDC_IRQHandler
                0x000000009000079c                SAI3_IRQHandler
                0x000000009000079c                ETH_WKUP_IRQHandler
                0x000000009000079c                SPDIF_RX_IRQHandler
                0x000000009000079c                SPI2_IRQHandler
                0x000000009000079c                OTG_HS_EP1_IN_IRQHandler
                0x000000009000079c                DMA1_Stream0_IRQHandler
                0x000000009000079c                CRS_IRQHandler
                0x000000009000079c                EXTI4_IRQHandler
                0x000000009000079c                RNG_IRQHandler
                0x000000009000079c                HRTIM1_TIMB_IRQHandler
                0x000000009000079c                FDCAN2_IT1_IRQHandler
                0x000000009000079c                ETH_IRQHandler
                0x000000009000079c                TIM1_UP_IRQHandler
                0x000000009000079c                BDMA_Channel4_IRQHandler
                0x000000009000079c                OTG_HS_EP1_OUT_IRQHandler
                0x000000009000079c                WWDG_IRQHandler
                0x000000009000079c                SPI6_IRQHandler
                0x000000009000079c                MDIOS_IRQHandler
                0x000000009000079c                I2C4_EV_IRQHandler
                0x000000009000079c                FDCAN2_IT0_IRQHandler
                0x000000009000079c                LPUART1_IRQHandler
                0x000000009000079c                FDCAN1_IT0_IRQHandler
                0x000000009000079c                TIM2_IRQHandler
                0x000000009000079c                OTG_FS_WKUP_IRQHandler
                0x000000009000079c                OTG_HS_IRQHandler
                0x000000009000079c                DMA2D_IRQHandler
                0x000000009000079c                TIM1_BRK_IRQHandler
                0x000000009000079c                EXTI1_IRQHandler
                0x000000009000079c                SDMMC2_IRQHandler
                0x000000009000079c                OTG_FS_EP1_OUT_IRQHandler
                0x000000009000079c                BDMA_Channel3_IRQHandler
                0x000000009000079c                UART7_IRQHandler
                0x000000009000079c                MDIOS_WKUP_IRQHandler
                0x000000009000079c                USART2_IRQHandler
                0x000000009000079c                DFSDM1_FLT0_IRQHandler
                0x000000009000079c                SAI4_IRQHandler
                0x000000009000079c                I2C2_ER_IRQHandler
                0x000000009000079c                DMA2_Stream1_IRQHandler
                0x000000009000079c                FLASH_IRQHandler
                0x000000009000079c                DMA2_Stream4_IRQHandler
                0x000000009000079c                USART1_IRQHandler
                0x000000009000079c                OTG_FS_IRQHandler
                0x000000009000079c                SPI3_IRQHandler
                0x000000009000079c                WAKEUP_PIN_IRQHandler
                0x000000009000079c                DMA1_Stream4_IRQHandler
                0x000000009000079c                OTG_FS_EP1_IN_IRQHandler
                0x000000009000079c                I2C1_ER_IRQHandler
                0x000000009000079c                FMC_IRQHandler
                0x000000009000079c                FDCAN_CAL_IRQHandler
                0x000000009000079c                SWPMI1_IRQHandler
                0x000000009000079c                COMP1_IRQHandler
                0x000000009000079c                LPTIM1_IRQHandler
                0x000000009000079c                I2C4_ER_IRQHandler
                0x000000009000079c                DMA2_Stream6_IRQHandler
                0x000000009000079c                SAI1_IRQHandler
                0x000000009000079c                DMA1_Stream3_IRQHandler
 *fill*         0x000000009000079e        0x2 
 .text.HAL_Init
                0x00000000900007a0       0x78 ./Drivers/STM32H7xx_HAL_Driver/Src/stm32h7xx_hal.o
                0x00000000900007a0                HAL_Init
 .text.HAL_InitTick
                0x0000000090000818       0x6c ./Drivers/STM32H7xx_HAL_Driver/Src/stm32h7xx_hal.o
                0x0000000090000818                HAL_InitTick
 .text.HAL_IncTick
                0x0000000090000884       0x28 ./Drivers/STM32H7xx_HAL_Driver/Src/stm32h7xx_hal.o
                0x0000000090000884                HAL_IncTick
 .text.HAL_GetTick
                0x00000000900008ac       0x18 ./Drivers/STM32H7xx_HAL_Driver/Src/stm32h7xx_hal.o
                0x00000000900008ac                HAL_GetTick
 .text.HAL_Delay
                0x00000000900008c4       0x48 ./Drivers/STM32H7xx_HAL_Driver/Src/stm32h7xx_hal.o
                0x00000000900008c4                HAL_Delay
 .text.HAL_GetREVID
                0x000000009000090c       0x18 ./Drivers/STM32H7xx_HAL_Driver/Src/stm32h7xx_hal.o
                0x000000009000090c                HAL_GetREVID
 .text.__NVIC_SetPriorityGrouping
                0x0000000090000924       0x48 ./Drivers/STM32H7xx_HAL_Driver/Src/stm32h7xx_hal_cortex.o
 .text.__NVIC_GetPriorityGrouping
                0x000000009000096c       0x1c ./Drivers/STM32H7xx_HAL_Driver/Src/stm32h7xx_hal_cortex.o
 .text.__NVIC_SetPriority
                0x0000000090000988       0x54 ./Drivers/STM32H7xx_HAL_Driver/Src/stm32h7xx_hal_cortex.o
 .text.NVIC_EncodePriority
                0x00000000900009dc       0x66 ./Drivers/STM32H7xx_HAL_Driver/Src/stm32h7xx_hal_cortex.o
 *fill*         0x0000000090000a42        0x2 
 .text.SysTick_Config
                0x0000000090000a44       0x44 ./Drivers/STM32H7xx_HAL_Driver/Src/stm32h7xx_hal_cortex.o
 .text.HAL_NVIC_SetPriorityGrouping
                0x0000000090000a88       0x16 ./Drivers/STM32H7xx_HAL_Driver/Src/stm32h7xx_hal_cortex.o
                0x0000000090000a88                HAL_NVIC_SetPriorityGrouping
 .text.HAL_NVIC_SetPriority
                0x0000000090000a9e       0x34 ./Drivers/STM32H7xx_HAL_Driver/Src/stm32h7xx_hal_cortex.o
                0x0000000090000a9e                HAL_NVIC_SetPriority
 .text.HAL_SYSTICK_Config
                0x0000000090000ad2       0x18 ./Drivers/STM32H7xx_HAL_Driver/Src/stm32h7xx_hal_cortex.o
                0x0000000090000ad2                HAL_SYSTICK_Config
 *fill*         0x0000000090000aea        0x2 
 .text.HAL_MPU_Disable
                0x0000000090000aec       0x30 ./Drivers/STM32H7xx_HAL_Driver/Src/stm32h7xx_hal_cortex.o
                0x0000000090000aec                HAL_MPU_Disable
 .text.HAL_MPU_Enable
                0x0000000090000b1c       0x40 ./Drivers/STM32H7xx_HAL_Driver/Src/stm32h7xx_hal_cortex.o
                0x0000000090000b1c                HAL_MPU_Enable
 .text.HAL_MPU_ConfigRegion
                0x0000000090000b5c       0x88 ./Drivers/STM32H7xx_HAL_Driver/Src/stm32h7xx_hal_cortex.o
                0x0000000090000b5c                HAL_MPU_ConfigRegion
 .text.HAL_PWREx_ConfigSupply
                0x0000000090000be4       0x74 ./Drivers/STM32H7xx_HAL_Driver/Src/stm32h7xx_hal_pwr_ex.o
                0x0000000090000be4                HAL_PWREx_ConfigSupply
 .text.HAL_RCC_OscConfig
                0x0000000090000c58      0x820 ./Drivers/STM32H7xx_HAL_Driver/Src/stm32h7xx_hal_rcc.o
                0x0000000090000c58                HAL_RCC_OscConfig
 .text.HAL_RCC_ClockConfig
                0x0000000090001478      0x36c ./Drivers/STM32H7xx_HAL_Driver/Src/stm32h7xx_hal_rcc.o
                0x0000000090001478                HAL_RCC_ClockConfig
 .text.HAL_RCC_GetSysClockFreq
                0x00000000900017e4      0x2f4 ./Drivers/STM32H7xx_HAL_Driver/Src/stm32h7xx_hal_rcc.o
                0x00000000900017e4                HAL_RCC_GetSysClockFreq
 .text.__libc_init_array
                0x0000000090001ad8       0x48 c:/stm32/cubeide/stm32cubeide/plugins/com.st.stm32cube.ide.mcu.externaltools.gnu-tools-for-stm32.9-2020-q2-update.win32_2.0.0.202105311346/tools/bin/../lib/gcc/arm-none-eabi/9.3.1/../../../../arm-none-eabi/lib/thumb/v7e-m+dp/hard\libc_nano.a(lib_a-init.o)
                0x0000000090001ad8                __libc_init_array
 .text.memset   0x0000000090001b20       0x10 c:/stm32/cubeide/stm32cubeide/plugins/com.st.stm32cube.ide.mcu.externaltools.gnu-tools-for-stm32.9-2020-q2-update.win32_2.0.0.202105311346/tools/bin/../lib/gcc/arm-none-eabi/9.3.1/../../../../arm-none-eabi/lib/thumb/v7e-m+dp/hard\libc_nano.a(lib_a-memset.o)
                0x0000000090001b20                memset
 *(.glue_7)
 .glue_7        0x0000000090001b30        0x0 linker stubs
 *(.glue_7t)
 .glue_7t       0x0000000090001b30        0x0 linker stubs
 *(.eh_frame)
 .eh_frame      0x0000000090001b30        0x0 c:/stm32/cubeide/stm32cubeide/plugins/com.st.stm32cube.ide.mcu.externaltools.gnu-tools-for-stm32.9-2020-q2-update.win32_2.0.0.202105311346/tools/bin/../lib/gcc/arm-none-eabi/9.3.1/thumb/v7e-m+dp/hard/crtbegin.o
 *(.init)
 .init          0x0000000090001b30        0x4 c:/stm32/cubeide/stm32cubeide/plugins/com.st.stm32cube.ide.mcu.externaltools.gnu-tools-for-stm32.9-2020-q2-update.win32_2.0.0.202105311346/tools/bin/../lib/gcc/arm-none-eabi/9.3.1/thumb/v7e-m+dp/hard/crti.o
                0x0000000090001b30                _init
 .init          0x0000000090001b34        0x8 c:/stm32/cubeide/stm32cubeide/plugins/com.st.stm32cube.ide.mcu.externaltools.gnu-tools-for-stm32.9-2020-q2-update.win32_2.0.0.202105311346/tools/bin/../lib/gcc/arm-none-eabi/9.3.1/thumb/v7e-m+dp/hard/crtn.o
 *(.fini)
 .fini          0x0000000090001b3c        0x4 c:/stm32/cubeide/stm32cubeide/plugins/com.st.stm32cube.ide.mcu.externaltools.gnu-tools-for-stm32.9-2020-q2-update.win32_2.0.0.202105311346/tools/bin/../lib/gcc/arm-none-eabi/9.3.1/thumb/v7e-m+dp/hard/crti.o
                0x0000000090001b3c                _fini
 .fini          0x0000000090001b40        0x8 c:/stm32/cubeide/stm32cubeide/plugins/com.st.stm32cube.ide.mcu.externaltools.gnu-tools-for-stm32.9-2020-q2-update.win32_2.0.0.202105311346/tools/bin/../lib/gcc/arm-none-eabi/9.3.1/thumb/v7e-m+dp/hard/crtn.o
                0x0000000090001b48                . = ALIGN (0x4)
                0x0000000090001b48                _etext = .

.vfp11_veneer   0x0000000090001b48        0x0
 .vfp11_veneer  0x0000000090001b48        0x0 linker stubs

.v4_bx          0x0000000090001b48        0x0
 .v4_bx         0x0000000090001b48        0x0 linker stubs

.iplt           0x0000000090001b48        0x0
 .iplt          0x0000000090001b48        0x0 c:/stm32/cubeide/stm32cubeide/plugins/com.st.stm32cube.ide.mcu.externaltools.gnu-tools-for-stm32.9-2020-q2-update.win32_2.0.0.202105311346/tools/bin/../lib/gcc/arm-none-eabi/9.3.1/thumb/v7e-m+dp/hard/crtbegin.o

.rodata         0x0000000090001b48       0x10
                0x0000000090001b48                . = ALIGN (0x4)
 *(.rodata)
 *(.rodata*)
 .rodata.D1CorePrescTable
                0x0000000090001b48       0x10 ./Core/Src/system_stm32h7xx.o
                0x0000000090001b48                D1CorePrescTable
                0x0000000090001b58                . = ALIGN (0x4)

.rel.dyn        0x0000000090001b58        0x0
 .rel.iplt      0x0000000090001b58        0x0 c:/stm32/cubeide/stm32cubeide/plugins/com.st.stm32cube.ide.mcu.externaltools.gnu-tools-for-stm32.9-2020-q2-update.win32_2.0.0.202105311346/tools/bin/../lib/gcc/arm-none-eabi/9.3.1/thumb/v7e-m+dp/hard/crtbegin.o

.ARM.extab
 *(.ARM.extab* .gnu.linkonce.armextab.*)

.ARM            0x0000000090001b58        0x0
                0x0000000090001b58                __exidx_start = .
 *(.ARM.exidx*)
                0x0000000090001b58                __exidx_end = .

.preinit_array  0x0000000090001b58        0x0
                0x0000000090001b58                PROVIDE (__preinit_array_start = .)
 *(.preinit_array*)
                0x0000000090001b58                PROVIDE (__preinit_array_end = .)

.init_array     0x0000000090001b58        0x4
                0x0000000090001b58                PROVIDE (__init_array_start = .)
 *(SORT_BY_NAME(.init_array.*))
 *(.init_array*)
 .init_array    0x0000000090001b58        0x4 c:/stm32/cubeide/stm32cubeide/plugins/com.st.stm32cube.ide.mcu.externaltools.gnu-tools-for-stm32.9-2020-q2-update.win32_2.0.0.202105311346/tools/bin/../lib/gcc/arm-none-eabi/9.3.1/thumb/v7e-m+dp/hard/crtbegin.o
                0x0000000090001b5c                PROVIDE (__init_array_end = .)

.fini_array     0x0000000090001b5c        0x4
                [!provide]                        PROVIDE (__fini_array_start = .)
 *(SORT_BY_NAME(.fini_array.*))
 *(.fini_array*)
 .fini_array    0x0000000090001b5c        0x4 c:/stm32/cubeide/stm32cubeide/plugins/com.st.stm32cube.ide.mcu.externaltools.gnu-tools-for-stm32.9-2020-q2-update.win32_2.0.0.202105311346/tools/bin/../lib/gcc/arm-none-eabi/9.3.1/thumb/v7e-m+dp/hard/crtbegin.o
                [!provide]                        PROVIDE (__fini_array_end = .)
                0x0000000090001b60                _sidata = LOADADDR (.data)

.data           0x0000000024000000       0x10 load address 0x0000000090001b60
                0x0000000024000000                . = ALIGN (0x4)
                0x0000000024000000                _sdata = .
 *(.data)
 *(.data*)
 .data.SystemCoreClock
                0x0000000024000000        0x4 ./Core/Src/system_stm32h7xx.o
                0x0000000024000000                SystemCoreClock
 .data.SystemD2Clock
                0x0000000024000004        0x4 ./Core/Src/system_stm32h7xx.o
                0x0000000024000004                SystemD2Clock
 .data.uwTickPrio
                0x0000000024000008        0x4 ./Drivers/STM32H7xx_HAL_Driver/Src/stm32h7xx_hal.o
                0x0000000024000008                uwTickPrio
 .data.uwTickFreq
                0x000000002400000c        0x1 ./Drivers/STM32H7xx_HAL_Driver/Src/stm32h7xx_hal.o
                0x000000002400000c                uwTickFreq
 *(.RamFunc)
 *(.RamFunc*)
                0x0000000024000010                . = ALIGN (0x4)
 *fill*         0x000000002400000d        0x3 
                0x0000000024000010                _edata = .

.igot.plt       0x0000000024000010        0x0 load address 0x0000000090001b70
 .igot.plt      0x0000000024000010        0x0 c:/stm32/cubeide/stm32cubeide/plugins/com.st.stm32cube.ide.mcu.externaltools.gnu-tools-for-stm32.9-2020-q2-update.win32_2.0.0.202105311346/tools/bin/../lib/gcc/arm-none-eabi/9.3.1/thumb/v7e-m+dp/hard/crtbegin.o
                0x0000000024000010                . = ALIGN (0x4)

.bss            0x0000000024000010       0x24 load address 0x0000000090001b70
                0x0000000024000010                _sbss = .
                0x0000000024000010                __bss_start__ = _sbss
 *(.bss)
 .bss           0x0000000024000010       0x1c c:/stm32/cubeide/stm32cubeide/plugins/com.st.stm32cube.ide.mcu.externaltools.gnu-tools-for-stm32.9-2020-q2-update.win32_2.0.0.202105311346/tools/bin/../lib/gcc/arm-none-eabi/9.3.1/thumb/v7e-m+dp/hard/crtbegin.o
 *(.bss*)
 .bss.counter   0x000000002400002c        0x2 ./Core/Src/main.o
                0x000000002400002c                counter
 *(COMMON)
 *fill*         0x000000002400002e        0x2 
 COMMON         0x0000000024000030        0x4 ./Drivers/STM32H7xx_HAL_Driver/Src/stm32h7xx_hal.o
                0x0000000024000030                uwTick
                0x0000000024000034                . = ALIGN (0x4)
                0x0000000024000034                _ebss = .
                0x0000000024000034                __bss_end__ = _ebss

._user_heap_stack
                0x0000000024000034      0x604 load address 0x0000000090001b70
                0x0000000024000038                . = ALIGN (0x8)
 *fill*         0x0000000024000034        0x4 
                [!provide]                        PROVIDE (end = .)
                0x0000000024000038                PROVIDE (_end = .)
                0x0000000024000238                . = (. + _Min_Heap_Size)
 *fill*         0x0000000024000038      0x200 
                0x0000000024000638                . = (. + _Min_Stack_Size)
 *fill*         0x0000000024000238      0x400 
                0x0000000024000638                . = ALIGN (0x8)

/DISCARD/
 libc.a(*)
 libm.a(*)
 libgcc.a(*)

.ARM.attributes
                0x0000000000000000       0x2e
 *(.ARM.attributes)
 .ARM.attributes
                0x0000000000000000       0x1e c:/stm32/cubeide/stm32cubeide/plugins/com.st.stm32cube.ide.mcu.externaltools.gnu-tools-for-stm32.9-2020-q2-update.win32_2.0.0.202105311346/tools/bin/../lib/gcc/arm-none-eabi/9.3.1/thumb/v7e-m+dp/hard/crti.o
 .ARM.attributes
                0x000000000000001e       0x32 c:/stm32/cubeide/stm32cubeide/plugins/com.st.stm32cube.ide.mcu.externaltools.gnu-tools-for-stm32.9-2020-q2-update.win32_2.0.0.202105311346/tools/bin/../lib/gcc/arm-none-eabi/9.3.1/thumb/v7e-m+dp/hard/crtbegin.o
 .ARM.attributes
                0x0000000000000050       0x32 ./Core/Src/gpio.o
 .ARM.attributes
                0x0000000000000082       0x32 ./Core/Src/main.o
 .ARM.attributes
                0x00000000000000b4       0x32 ./Core/Src/stm32h7xx_hal_msp.o
 .ARM.attributes
                0x00000000000000e6       0x32 ./Core/Src/stm32h7xx_it.o
 .ARM.attributes
                0x0000000000000118       0x32 ./Core/Src/system_stm32h7xx.o
 .ARM.attributes
                0x000000000000014a       0x21 ./Core/Startup/startup_stm32h743vitx.o
 .ARM.attributes
                0x000000000000016b       0x32 ./Drivers/STM32H7xx_HAL_Driver/Src/stm32h7xx_hal.o
 .ARM.attributes
                0x000000000000019d       0x32 ./Drivers/STM32H7xx_HAL_Driver/Src/stm32h7xx_hal_cortex.o
 .ARM.attributes
                0x00000000000001cf       0x32 ./Drivers/STM32H7xx_HAL_Driver/Src/stm32h7xx_hal_pwr_ex.o
 .ARM.attributes
                0x0000000000000201       0x32 ./Drivers/STM32H7xx_HAL_Driver/Src/stm32h7xx_hal_rcc.o
 .ARM.attributes
                0x0000000000000233       0x32 c:/stm32/cubeide/stm32cubeide/plugins/com.st.stm32cube.ide.mcu.externaltools.gnu-tools-for-stm32.9-2020-q2-update.win32_2.0.0.202105311346/tools/bin/../lib/gcc/arm-none-eabi/9.3.1/../../../../arm-none-eabi/lib/thumb/v7e-m+dp/hard\libc_nano.a(lib_a-init.o)
 .ARM.attributes
                0x0000000000000265       0x32 c:/stm32/cubeide/stm32cubeide/plugins/com.st.stm32cube.ide.mcu.externaltools.gnu-tools-for-stm32.9-2020-q2-update.win32_2.0.0.202105311346/tools/bin/../lib/gcc/arm-none-eabi/9.3.1/../../../../arm-none-eabi/lib/thumb/v7e-m+dp/hard\libc_nano.a(lib_a-memset.o)
 .ARM.attributes
                0x0000000000000297       0x1e c:/stm32/cubeide/stm32cubeide/plugins/com.st.stm32cube.ide.mcu.externaltools.gnu-tools-for-stm32.9-2020-q2-update.win32_2.0.0.202105311346/tools/bin/../lib/gcc/arm-none-eabi/9.3.1/thumb/v7e-m+dp/hard/crtn.o
OUTPUT(H743_QSPI_XIP_2.elf elf32-littlearm)
LOAD linker stubs
LOAD c:/stm32/cubeide/stm32cubeide/plugins/com.st.stm32cube.ide.mcu.externaltools.gnu-tools-for-stm32.9-2020-q2-update.win32_2.0.0.202105311346/tools/bin/../lib/gcc/arm-none-eabi/9.3.1/../../../../arm-none-eabi/lib/thumb/v7e-m+dp/hard\libc.a
LOAD c:/stm32/cubeide/stm32cubeide/plugins/com.st.stm32cube.ide.mcu.externaltools.gnu-tools-for-stm32.9-2020-q2-update.win32_2.0.0.202105311346/tools/bin/../lib/gcc/arm-none-eabi/9.3.1/../../../../arm-none-eabi/lib/thumb/v7e-m+dp/hard\libm.a
LOAD c:/stm32/cubeide/stm32cubeide/plugins/com.st.stm32cube.ide.mcu.externaltools.gnu-tools-for-stm32.9-2020-q2-update.win32_2.0.0.202105311346/tools/bin/../lib/gcc/arm-none-eabi/9.3.1/thumb/v7e-m+dp/hard\libgcc.a

.debug_info     0x0000000000000000     0xc775
 .debug_info    0x0000000000000000      0xf58 ./Core/Src/gpio.o
 .debug_info    0x0000000000000f58     0x1634 ./Core/Src/main.o
 .debug_info    0x000000000000258c      0xf3b ./Core/Src/stm32h7xx_hal_msp.o
 .debug_info    0x00000000000034c7      0xbe2 ./Core/Src/stm32h7xx_it.o
 .debug_info    0x00000000000040a9     0x1748 ./Core/Src/system_stm32h7xx.o
 .debug_info    0x00000000000057f1       0x22 ./Core/Startup/startup_stm32h743vitx.o
 .debug_info    0x0000000000005813     0x1f5e ./Drivers/STM32H7xx_HAL_Driver/Src/stm32h7xx_hal.o
 .debug_info    0x0000000000007771     0x1bd4 ./Drivers/STM32H7xx_HAL_Driver/Src/stm32h7xx_hal_cortex.o
 .debug_info    0x0000000000009345     0x1b06 ./Drivers/STM32H7xx_HAL_Driver/Src/stm32h7xx_hal_pwr_ex.o
 .debug_info    0x000000000000ae4b     0x192a ./Drivers/STM32H7xx_HAL_Driver/Src/stm32h7xx_hal_rcc.o

.debug_abbrev   0x0000000000000000     0x194d
 .debug_abbrev  0x0000000000000000      0x21a ./Core/Src/gpio.o
 .debug_abbrev  0x000000000000021a      0x32b ./Core/Src/main.o
 .debug_abbrev  0x0000000000000545      0x20f ./Core/Src/stm32h7xx_hal_msp.o
 .debug_abbrev  0x0000000000000754      0x1ef ./Core/Src/stm32h7xx_it.o
 .debug_abbrev  0x0000000000000943      0x262 ./Core/Src/system_stm32h7xx.o
 .debug_abbrev  0x0000000000000ba5       0x12 ./Core/Startup/startup_stm32h743vitx.o
 .debug_abbrev  0x0000000000000bb7      0x31b ./Drivers/STM32H7xx_HAL_Driver/Src/stm32h7xx_hal.o
 .debug_abbrev  0x0000000000000ed2      0x409 ./Drivers/STM32H7xx_HAL_Driver/Src/stm32h7xx_hal_cortex.o
 .debug_abbrev  0x00000000000012db      0x350 ./Drivers/STM32H7xx_HAL_Driver/Src/stm32h7xx_hal_pwr_ex.o
 .debug_abbrev  0x000000000000162b      0x322 ./Drivers/STM32H7xx_HAL_Driver/Src/stm32h7xx_hal_rcc.o

.debug_aranges  0x0000000000000000      0x5c0
 .debug_aranges
                0x0000000000000000       0x20 ./Core/Src/gpio.o
 .debug_aranges
                0x0000000000000020       0x38 ./Core/Src/main.o
 .debug_aranges
                0x0000000000000058       0x20 ./Core/Src/stm32h7xx_hal_msp.o
 .debug_aranges
                0x0000000000000078       0x60 ./Core/Src/stm32h7xx_it.o
 .debug_aranges
                0x00000000000000d8       0x28 ./Core/Src/system_stm32h7xx.o
 .debug_aranges
                0x0000000000000100       0x28 ./Core/Startup/startup_stm32h743vitx.o
 .debug_aranges
                0x0000000000000128      0x198 ./Drivers/STM32H7xx_HAL_Driver/Src/stm32h7xx_hal.o
 .debug_aranges
                0x00000000000002c0      0x120 ./Drivers/STM32H7xx_HAL_Driver/Src/stm32h7xx_hal_cortex.o
 .debug_aranges
                0x00000000000003e0      0x158 ./Drivers/STM32H7xx_HAL_Driver/Src/stm32h7xx_hal_pwr_ex.o
 .debug_aranges
                0x0000000000000538       0x88 ./Drivers/STM32H7xx_HAL_Driver/Src/stm32h7xx_hal_rcc.o

.debug_ranges   0x0000000000000000      0x528
 .debug_ranges  0x0000000000000000       0x10 ./Core/Src/gpio.o
 .debug_ranges  0x0000000000000010       0x28 ./Core/Src/main.o
 .debug_ranges  0x0000000000000038       0x10 ./Core/Src/stm32h7xx_hal_msp.o
 .debug_ranges  0x0000000000000048       0x50 ./Core/Src/stm32h7xx_it.o
 .debug_ranges  0x0000000000000098       0x18 ./Core/Src/system_stm32h7xx.o
 .debug_ranges  0x00000000000000b0       0x20 ./Core/Startup/startup_stm32h743vitx.o
 .debug_ranges  0x00000000000000d0      0x188 ./Drivers/STM32H7xx_HAL_Driver/Src/stm32h7xx_hal.o
 .debug_ranges  0x0000000000000258      0x110 ./Drivers/STM32H7xx_HAL_Driver/Src/stm32h7xx_hal_cortex.o
 .debug_ranges  0x0000000000000368      0x148 ./Drivers/STM32H7xx_HAL_Driver/Src/stm32h7xx_hal_pwr_ex.o
 .debug_ranges  0x00000000000004b0       0x78 ./Drivers/STM32H7xx_HAL_Driver/Src/stm32h7xx_hal_rcc.o

.debug_macro    0x0000000000000000    0x33cc4
 .debug_macro   0x0000000000000000      0x293 ./Core/Src/gpio.o
 .debug_macro   0x0000000000000293      0xac0 ./Core/Src/gpio.o
 .debug_macro   0x0000000000000d53      0x22c ./Core/Src/gpio.o
 .debug_macro   0x0000000000000f7f       0x2e ./Core/Src/gpio.o
 .debug_macro   0x0000000000000fad       0x3b ./Core/Src/gpio.o
 .debug_macro   0x0000000000000fe8       0x22 ./Core/Src/gpio.o
 .debug_macro   0x000000000000100a       0x8e ./Core/Src/gpio.o
 .debug_macro   0x0000000000001098       0x51 ./Core/Src/gpio.o
 .debug_macro   0x00000000000010e9      0x103 ./Core/Src/gpio.o
 .debug_macro   0x00000000000011ec       0x6a ./Core/Src/gpio.o
 .debug_macro   0x0000000000001256      0x1df ./Core/Src/gpio.o
 .debug_macro   0x0000000000001435       0x1c ./Core/Src/gpio.o
 .debug_macro   0x0000000000001451       0x22 ./Core/Src/gpio.o
 .debug_macro   0x0000000000001473      0x101 ./Core/Src/gpio.o
 .debug_macro   0x0000000000001574     0x1305 ./Core/Src/gpio.o
 .debug_macro   0x0000000000002879      0x11f ./Core/Src/gpio.o
 .debug_macro   0x0000000000002998       0x27 ./Core/Src/gpio.o
 .debug_macro   0x00000000000029bf    0x253d1 ./Core/Src/gpio.o
 .debug_macro   0x0000000000027d90       0x43 ./Core/Src/gpio.o
 .debug_macro   0x0000000000027dd3     0x3cd3 ./Core/Src/gpio.o
 .debug_macro   0x000000000002baa6      0x174 ./Core/Src/gpio.o
 .debug_macro   0x000000000002bc1a       0x52 ./Core/Src/gpio.o
 .debug_macro   0x000000000002bc6c       0x17 ./Core/Src/gpio.o
 .debug_macro   0x000000000002bc83       0x3c ./Core/Src/gpio.o
 .debug_macro   0x000000000002bcbf       0x34 ./Core/Src/gpio.o
 .debug_macro   0x000000000002bcf3       0x16 ./Core/Src/gpio.o
 .debug_macro   0x000000000002bd09       0x43 ./Core/Src/gpio.o
 .debug_macro   0x000000000002bd4c       0x34 ./Core/Src/gpio.o
 .debug_macro   0x000000000002bd80       0x10 ./Core/Src/gpio.o
 .debug_macro   0x000000000002bd90       0x58 ./Core/Src/gpio.o
 .debug_macro   0x000000000002bde8       0x71 ./Core/Src/gpio.o
 .debug_macro   0x000000000002be59       0x1c ./Core/Src/gpio.o
 .debug_macro   0x000000000002be75      0x12a ./Core/Src/gpio.o
 .debug_macro   0x000000000002bf9f      0x333 ./Core/Src/gpio.o
 .debug_macro   0x000000000002c2d2      0x1a9 ./Core/Src/gpio.o
 .debug_macro   0x000000000002c47b       0x5d ./Core/Src/gpio.o
 .debug_macro   0x000000000002c4d8     0x2382 ./Core/Src/gpio.o
 .debug_macro   0x000000000002e85a     0x1002 ./Core/Src/gpio.o
 .debug_macro   0x000000000002f85c      0x14d ./Core/Src/gpio.o
 .debug_macro   0x000000000002f9a9      0x117 ./Core/Src/gpio.o
 .debug_macro   0x000000000002fac0      0x3b2 ./Core/Src/gpio.o
 .debug_macro   0x000000000002fe72       0x27 ./Core/Src/gpio.o
 .debug_macro   0x000000000002fe99      0x72d ./Core/Src/gpio.o
 .debug_macro   0x00000000000305c6      0x229 ./Core/Src/gpio.o
 .debug_macro   0x00000000000307ef       0x66 ./Core/Src/gpio.o
 .debug_macro   0x0000000000030855      0x3bb ./Core/Src/gpio.o
 .debug_macro   0x0000000000030c10      0x3e5 ./Core/Src/gpio.o
 .debug_macro   0x0000000000030ff5      0x275 ./Core/Src/gpio.o
 .debug_macro   0x000000000003126a      0x3cb ./Core/Src/gpio.o
 .debug_macro   0x0000000000031635      0x408 ./Core/Src/gpio.o
 .debug_macro   0x0000000000031a3d       0x51 ./Core/Src/gpio.o
 .debug_macro   0x0000000000031a8e       0x4a ./Core/Src/gpio.o
 .debug_macro   0x0000000000031ad8      0x22c ./Core/Src/gpio.o
 .debug_macro   0x0000000000031d04       0x67 ./Core/Src/gpio.o
 .debug_macro   0x0000000000031d6b       0xa5 ./Core/Src/gpio.o
 .debug_macro   0x0000000000031e10      0x1c5 ./Core/Src/gpio.o
 .debug_macro   0x0000000000031fd5      0x25f ./Core/Src/gpio.o
 .debug_macro   0x0000000000032234       0x35 ./Core/Src/gpio.o
 .debug_macro   0x0000000000032269      0x5a0 ./Core/Src/gpio.o
 .debug_macro   0x0000000000032809      0x297 ./Core/Src/main.o
 .debug_macro   0x0000000000032aa0      0x289 ./Core/Src/stm32h7xx_hal_msp.o
 .debug_macro   0x0000000000032d29      0x293 ./Core/Src/stm32h7xx_it.o
 .debug_macro   0x0000000000032fbc      0x285 ./Core/Src/system_stm32h7xx.o
 .debug_macro   0x0000000000033241      0x2a9 ./Drivers/STM32H7xx_HAL_Driver/Src/stm32h7xx_hal.o
 .debug_macro   0x00000000000334ea      0x27f ./Drivers/STM32H7xx_HAL_Driver/Src/stm32h7xx_hal_cortex.o
 .debug_macro   0x0000000000033769      0x2b8 ./Drivers/STM32H7xx_HAL_Driver/Src/stm32h7xx_hal_pwr_ex.o
 .debug_macro   0x0000000000033a21      0x2a3 ./Drivers/STM32H7xx_HAL_Driver/Src/stm32h7xx_hal_rcc.o

.debug_line     0x0000000000000000     0x6831
 .debug_line    0x0000000000000000      0x7ca ./Core/Src/gpio.o
 .debug_line    0x00000000000007ca      0x99a ./Core/Src/main.o
 .debug_line    0x0000000000001164      0x7cd ./Core/Src/stm32h7xx_hal_msp.o
 .debug_line    0x0000000000001931      0x890 ./Core/Src/stm32h7xx_it.o
 .debug_line    0x00000000000021c1      0x990 ./Core/Src/system_stm32h7xx.o
 .debug_line    0x0000000000002b51       0x88 ./Core/Startup/startup_stm32h743vitx.o
 .debug_line    0x0000000000002bd9      0xd7b ./Drivers/STM32H7xx_HAL_Driver/Src/stm32h7xx_hal.o
 .debug_line    0x0000000000003954      0xd81 ./Drivers/STM32H7xx_HAL_Driver/Src/stm32h7xx_hal_cortex.o
 .debug_line    0x00000000000046d5      0xe95 ./Drivers/STM32H7xx_HAL_Driver/Src/stm32h7xx_hal_pwr_ex.o
 .debug_line    0x000000000000556a     0x12c7 ./Drivers/STM32H7xx_HAL_Driver/Src/stm32h7xx_hal_rcc.o

.debug_str      0x0000000000000000   0x14b7dc
 .debug_str     0x0000000000000000   0x1494e7 ./Core/Src/gpio.o
                                     0x1499e5 (size before relaxing)
 .debug_str     0x00000000001494e7      0x486 ./Core/Src/main.o
                                     0x149c93 (size before relaxing)
 .debug_str     0x000000000014996d       0x2c ./Core/Src/stm32h7xx_hal_msp.o
                                     0x1499e5 (size before relaxing)
 .debug_str     0x0000000000149999       0xbd ./Core/Src/stm32h7xx_it.o
                                     0x14984c (size before relaxing)
 .debug_str     0x0000000000149a56      0x225 ./Core/Src/system_stm32h7xx.o
                                     0x149cf4 (size before relaxing)
 .debug_str     0x0000000000149c7b       0x36 ./Core/Startup/startup_stm32h743vitx.o
                                         0x7a (size before relaxing)
 .debug_str     0x0000000000149cb1      0xf09 ./Drivers/STM32H7xx_HAL_Driver/Src/stm32h7xx_hal.o
                                     0x14ab05 (size before relaxing)
 .debug_str     0x000000000014abba      0x315 ./Drivers/STM32H7xx_HAL_Driver/Src/stm32h7xx_hal_cortex.o
                                     0x14a60d (size before relaxing)
 .debug_str     0x000000000014aecf      0x63e ./Drivers/STM32H7xx_HAL_Driver/Src/stm32h7xx_hal_pwr_ex.o
                                     0x14a15e (size before relaxing)
 .debug_str     0x000000000014b50d      0x2cf ./Drivers/STM32H7xx_HAL_Driver/Src/stm32h7xx_hal_rcc.o
                                     0x14a033 (size before relaxing)

.comment        0x0000000000000000       0x53
 .comment       0x0000000000000000       0x53 ./Core/Src/gpio.o
                                         0x54 (size before relaxing)
 .comment       0x0000000000000053       0x54 ./Core/Src/main.o
 .comment       0x0000000000000053       0x54 ./Core/Src/stm32h7xx_hal_msp.o
 .comment       0x0000000000000053       0x54 ./Core/Src/stm32h7xx_it.o
 .comment       0x0000000000000053       0x54 ./Core/Src/system_stm32h7xx.o
 .comment       0x0000000000000053       0x54 ./Drivers/STM32H7xx_HAL_Driver/Src/stm32h7xx_hal.o
 .comment       0x0000000000000053       0x54 ./Drivers/STM32H7xx_HAL_Driver/Src/stm32h7xx_hal_cortex.o
 .comment       0x0000000000000053       0x54 ./Drivers/STM32H7xx_HAL_Driver/Src/stm32h7xx_hal_pwr_ex.o
 .comment       0x0000000000000053       0x54 ./Drivers/STM32H7xx_HAL_Driver/Src/stm32h7xx_hal_rcc.o

.debug_frame    0x0000000000000000     0x1568
 .debug_frame   0x0000000000000000       0x38 ./Core/Src/gpio.o
 .debug_frame   0x0000000000000038       0x90 ./Core/Src/main.o
 .debug_frame   0x00000000000000c8       0x38 ./Core/Src/stm32h7xx_hal_msp.o
 .debug_frame   0x0000000000000100      0x104 ./Core/Src/stm32h7xx_it.o
 .debug_frame   0x0000000000000204       0x58 ./Core/Src/system_stm32h7xx.o
 .debug_frame   0x000000000000025c      0x690 ./Drivers/STM32H7xx_HAL_Driver/Src/stm32h7xx_hal.o
 .debug_frame   0x00000000000008ec      0x4b8 ./Drivers/STM32H7xx_HAL_Driver/Src/stm32h7xx_hal_cortex.o
 .debug_frame   0x0000000000000da4      0x580 ./Drivers/STM32H7xx_HAL_Driver/Src/stm32h7xx_hal_pwr_ex.o
 .debug_frame   0x0000000000001324      0x1f8 ./Drivers/STM32H7xx_HAL_Driver/Src/stm32h7xx_hal_rcc.o
 .debug_frame   0x000000000000151c       0x2c c:/stm32/cubeide/stm32cubeide/plugins/com.st.stm32cube.ide.mcu.externaltools.gnu-tools-for-stm32.9-2020-q2-update.win32_2.0.0.202105311346/tools/bin/../lib/gcc/arm-none-eabi/9.3.1/../../../../arm-none-eabi/lib/thumb/v7e-m+dp/hard\libc_nano.a(lib_a-init.o)
 .debug_frame   0x0000000000001548       0x20 c:/stm32/cubeide/stm32cubeide/plugins/com.st.stm32cube.ide.mcu.externaltools.gnu-tools-for-stm32.9-2020-q2-update.win32_2.0.0.202105311346/tools/bin/../lib/gcc/arm-none-eabi/9.3.1/../../../../arm-none-eabi/lib/thumb/v7e-m+dp/hard\libc_nano.a(lib_a-memset.o)
